Component: ARM Compiler 5.06 update 6 (build 750) Tool: armlink [4d35ed]

==============================================================================

Section Cross References

    demo.o(i.ADC0Init) refers to sysctl.o(i.SysCtlPeripheralEnable) for SysCtlPeripheralEnable
    demo.o(i.ADC0Init) refers to gpio.o(i.GPIOPinTypeADC) for GPIOPinTypeADC
    demo.o(i.ADC0Init) refers to adc.o(i.ADCSequenceConfigure) for ADCSequenceConfigure
    demo.o(i.ADC0Init) refers to adc.o(i.ADCSequenceStepConfigure) for ADCSequenceStepConfigure
    demo.o(i.ADC0Init) refers to adc.o(i.ADCSequenceEnable) for ADCSequenceEnable
    demo.o(i.ADC0Init) refers to adc.o(i.ADCIntClear) for ADCIntClear
    demo.o(i.ADC0_Sample) refers to adc.o(i.ADCProcessorTrigger) for ADCProcessorTrigger
    demo.o(i.ADC0_Sample) refers to adc.o(i.ADCIntStatus) for ADCIntStatus
    demo.o(i.ADC0_Sample) refers to adc.o(i.ADCIntClear) for ADCIntClear
    demo.o(i.ADC0_Sample) refers to adc.o(i.ADCSequenceDataGet) for ADCSequenceDataGet
    demo.o(i.ADC1Init) refers to sysctl.o(i.SysCtlPeripheralEnable) for SysCtlPeripheralEnable
    demo.o(i.ADC1Init) refers to gpio.o(i.GPIOPinTypeADC) for GPIOPinTypeADC
    demo.o(i.ADC1Init) refers to adc.o(i.ADCSequenceConfigure) for ADCSequenceConfigure
    demo.o(i.ADC1Init) refers to adc.o(i.ADCSequenceStepConfigure) for ADCSequenceStepConfigure
    demo.o(i.ADC1Init) refers to adc.o(i.ADCSequenceEnable) for ADCSequenceEnable
    demo.o(i.ADC1Init) refers to adc.o(i.ADCIntClear) for ADCIntClear
    demo.o(i.ADC1_Sample) refers to adc.o(i.ADCProcessorTrigger) for ADCProcessorTrigger
    demo.o(i.ADC1_Sample) refers to adc.o(i.ADCIntStatus) for ADCIntStatus
    demo.o(i.ADC1_Sample) refers to adc.o(i.ADCIntClear) for ADCIntClear
    demo.o(i.ADC1_Sample) refers to adc.o(i.ADCSequenceDataGet) for ADCSequenceDataGet
    demo.o(i.DevicesInit) refers to sysctl.o(i.SysCtlClockFreqSet) for SysCtlClockFreqSet
    demo.o(i.DevicesInit) refers to demo.o(i.GPIOInit) for GPIOInit
    demo.o(i.DevicesInit) refers to demo.o(i.ADC0Init) for ADC0Init
    demo.o(i.DevicesInit) refers to demo.o(i.ADC1Init) for ADC1Init
    demo.o(i.DevicesInit) refers to demo.o(i.SysTickInit) for SysTickInit
    demo.o(i.DevicesInit) refers to interrupt.o(i.IntMasterEnable) for IntMasterEnable
    demo.o(i.DevicesInit) refers to demo.o(.data) for ui32SysClock
    demo.o(i.GPIOInit) refers to sysctl.o(i.SysCtlPeripheralEnable) for SysCtlPeripheralEnable
    demo.o(i.GPIOInit) refers to sysctl.o(i.SysCtlPeripheralReady) for SysCtlPeripheralReady
    demo.o(i.GPIOInit) refers to gpio.o(i.GPIOPinTypeGPIOOutput) for GPIOPinTypeGPIOOutput
    demo.o(i.SysTickInit) refers to systick.o(i.SysTickPeriodSet) for SysTickPeriodSet
    demo.o(i.SysTickInit) refers to systick.o(i.SysTickEnable) for SysTickEnable
    demo.o(i.SysTickInit) refers to systick.o(i.SysTickIntEnable) for SysTickIntEnable
    demo.o(i.SysTickInit) refers to demo.o(.data) for ui32SysClock
    demo.o(i.SysTick_Handler) refers to tm1638.o(i.TM1638_RefreshDIGIandLED) for TM1638_RefreshDIGIandLED
    demo.o(i.SysTick_Handler) refers to tm1638.o(i.TM1638_Readkeyboard) for TM1638_Readkeyboard
    demo.o(i.SysTick_Handler) refers to demo.o(.data) for clock_flag
    demo.o(i.main) refers to demo.o(i.DevicesInit) for DevicesInit
    demo.o(i.main) refers to tm1638.o(i.TM1638_Init) for TM1638_Init
    demo.o(i.main) refers to dac6571.o(i.DAC6571_Fastmode_Operation) for DAC6571_Fastmode_Operation
    demo.o(i.main) refers to demo.o(i.ADC0_Sample) for ADC0_Sample
    demo.o(i.main) refers to demo.o(i.ADC1_Sample) for ADC1_Sample
    demo.o(i.main) refers to demo.o(.data) for clock100ms
    tm1638.o(i.TM1638_Init) refers to gpio.o(i.GPIOPinWrite) for GPIOPinWrite
    tm1638.o(i.TM1638_Init) refers to tm1638.o(i.TM1638_Serial_Input) for TM1638_Serial_Input
    tm1638.o(i.TM1638_Readkeyboard) refers to gpio.o(i.GPIOPinWrite) for GPIOPinWrite
    tm1638.o(i.TM1638_Readkeyboard) refers to tm1638.o(i.TM1638_Serial_Input) for TM1638_Serial_Input
    tm1638.o(i.TM1638_Readkeyboard) refers to tm1638.o(i.TM1638_Serial_Output) for TM1638_Serial_Output
    tm1638.o(i.TM1638_RefreshDIGIandLED) refers to tm1638.o(i.TM1638_DigiSegment) for TM1638_DigiSegment
    tm1638.o(i.TM1638_RefreshDIGIandLED) refers to gpio.o(i.GPIOPinWrite) for GPIOPinWrite
    tm1638.o(i.TM1638_RefreshDIGIandLED) refers to tm1638.o(i.TM1638_Serial_Input) for TM1638_Serial_Input
    tm1638.o(i.TM1638_Serial_Input) refers to gpio.o(i.GPIOPinTypeGPIOOutput) for GPIOPinTypeGPIOOutput
    tm1638.o(i.TM1638_Serial_Input) refers to gpio.o(i.GPIOPinWrite) for GPIOPinWrite
    tm1638.o(i.TM1638_Serial_Output) refers to gpio.o(i.GPIOPinTypeGPIOInput) for GPIOPinTypeGPIOInput
    tm1638.o(i.TM1638_Serial_Output) refers to gpio.o(i.GPIOPinWrite) for GPIOPinWrite
    tm1638.o(i.TM1638_Serial_Output) refers to gpio.o(i.GPIOPinRead) for GPIOPinRead
[...]
    gpio.o(i.GPIOPinTypeComparatorOutput) refers to gpio.o(i.GPIOPadConfigSet) for GPIOPadConfigSet
    gpio.o(i.GPIOPinTypeDIVSCLK) refers to gpio.o(i.GPIODirModeSet) for GPIODirModeSet
    gpio.o(i.GPIOPinTypeDIVSCLK) refers to gpio.o(i.GPIOPadConfigSet) for GPIOPadConfigSet
    gpio.o(i.GPIOPinTypeEPI) refers to gpio.o(i.GPIODirModeSet) for GPIODirModeSet
    gpio.o(i.GPIOPinTypeEPI) refers to gpio.o(i.GPIOPadConfigSet) for GPIOPadConfigSet
    gpio.o(i.GPIOPinTypeEthernetLED) refers to gpio.o(i.GPIODirModeSet) for GPIODirModeSet
    gpio.o(i.GPIOPinTypeEthernetLED) refers to gpio.o(i.GPIOPadConfigSet) for GPIOPadConfigSet
    gpio.o(i.GPIOPinTypeEthernetMII) refers to gpio.o(i.GPIODirModeSet) for GPIODirModeSet
    gpio.o(i.GPIOPinTypeEthernetMII) refers to gpio.o(i.GPIOPadConfigSet) for GPIOPadConfigSet
    gpio.o(i.GPIOPinTypeGPIOInput) refers to gpio.o(i.GPIODirModeSet) for GPIODirModeSet
    gpio.o(i.GPIOPinTypeGPIOInput) refers to gpio.o(i.GPIOPadConfigSet) for GPIOPadConfigSet
    gpio.o(i.GPIOPinTypeGPIOOutput) refers to gpio.o(i.GPIOPadConfigSet) for GPIOPadConfigSet
    gpio.o(i.GPIOPinTypeGPIOOutput) refers to gpio.o(i.GPIODirModeSet) for GPIODirModeSet
    gpio.o(i.GPIOPinTypeGPIOOutputOD) refers to gpio.o(i.GPIOPadConfigSet) for GPIOPadConfigSet
    gpio.o(i.GPIOPinTypeGPIOOutputOD) refers to gpio.o(i.GPIODirModeSet) for GPIODirModeSet
    gpio.o(i.GPIOPinTypeHibernateRTCCLK) refers to gpio.o(i.GPIODirModeSet) for GPIODirModeSet
    gpio.o(i.GPIOPinTypeHibernateRTCCLK) refers to gpio.o(i.GPIOPadConfigSet) for GPIOPadConfigSet
    gpio.o(i.GPIOPinTypeI2C) refers to gpio.o(i.GPIODirModeSet) for GPIODirModeSet
    gpio.o(i.GPIOPinTypeI2C) refers to gpio.o(i.GPIOPadConfigSet) for GPIOPadConfigSet
    gpio.o(i.GPIOPinTypeI2CSCL) refers to gpio.o(i.GPIODirModeSet) for GPIODirModeSet
    gpio.o(i.GPIOPinTypeI2CSCL) refers to gpio.o(i.GPIOPadConfigSet) for GPIOPadConfigSet
    gpio.o(i.GPIOPinTypeLCD) refers to gpio.o(i.GPIODirModeSet) for GPIODirModeSet
    gpio.o(i.GPIOPinTypeLCD) refers to gpio.o(i.GPIOPadConfigSet) for GPIOPadConfigSet
    gpio.o(i.GPIOPinTypeOneWire) refers to gpio.o(i.GPIODirModeSet) for GPIODirModeSet
    gpio.o(i.GPIOPinTypeOneWire) refers to gpio.o(i.GPIOPadConfigSet) for GPIOPadConfigSet
    gpio.o(i.GPIOPinTypePWM) refers to gpio.o(i.GPIODirModeSet) for GPIODirModeSet
    gpio.o(i.GPIOPinTypePWM) refers to gpio.o(i.GPIOPadConfigSet) for GPIOPadConfigSet
    gpio.o(i.GPIOPinTypeQEI) refers to gpio.o(i.GPIODirModeSet) for GPIODirModeSet
    gpio.o(i.GPIOPinTypeQEI) refers to gpio.o(i.GPIOPadConfigSet) for GPIOPadConfigSet
    gpio.o(i.GPIOPinTypeSSI) refers to gpio.o(i.GPIODirModeSet) for GPIODirModeSet
    gpio.o(i.GPIOPinTypeSSI) refers to gpio.o(i.GPIOPadConfigSet) for GPIOPadConfigSet
    gpio.o(i.GPIOPinTypeTimer) refers to gpio.o(i.GPIODirModeSet) for GPIODirModeSet
    gpio.o(i.GPIOPinTypeTimer) refers to gpio.o(i.GPIOPadConfigSet) for GPIOPadConfigSet
    gpio.o(i.GPIOPinTypeTrace) refers to gpio.o(i.GPIODirModeSet) for GPIODirModeSet
    gpio.o(i.GPIOPinTypeTrace) refers to gpio.o(i.GPIOPadConfigSet) for GPIOPadConfigSet
    gpio.o(i.GPIOPinTypeUART) refers to gpio.o(i.GPIODirModeSet) for GPIODirModeSet
    gpio.o(i.GPIOPinTypeUART) refers to gpio.o(i.GPIOPadConfigSet) for GPIOPadConfigSet
    gpio.o(i.GPIOPinTypeUSBAnalog) refers to gpio.o(i.GPIODirModeSet) for GPIODirModeSet
    gpio.o(i.GPIOPinTypeUSBAnalog) refers to gpio.o(i.GPIOPadConfigSet) for GPIOPadConfigSet
    gpio.o(i.GPIOPinTypeUSBDigital) refers to gpio.o(i.GPIODirModeSet) for GPIODirModeSet
    gpio.o(i.GPIOPinTypeUSBDigital) refers to gpio.o(i.GPIOPadConfigSet) for GPIOPadConfigSet
    gpio.o(i.GPIOPinTypeWakeHigh) refers to gpio.o(i.GPIODirModeSet) for GPIODirModeSet
    gpio.o(i.GPIOPinTypeWakeHigh) refers to gpio.o(i.GPIOPadConfigSet) for GPIOPadConfigSet
    gpio.o(i.GPIOPinTypeWakeLow) refers to gpio.o(i.GPIODirModeSet) for GPIODirModeSet
    gpio.o(i.GPIOPinTypeWakeLow) refers to gpio.o(i.GPIOPadConfigSet) for GPIOPadConfigSet
    gpio.o(i._GPIOIntNumberGet) refers to gpio.o(.constdata) for .constdata
    interrupt.o(i.IntDisable) refers to interrupt.o(.constdata) for .constdata
    interrupt.o(i.IntEnable) refers to interrupt.o(.constdata) for .constdata
    interrupt.o(i.IntIsEnabled) refers to interrupt.o(.constdata) for .constdata
    interrupt.o(i.IntMasterDisable) refers to cpu.o(.emb_text) for CPUcpsid
    interrupt.o(i.IntMasterEnable) refers to cpu.o(.emb_text) for CPUcpsie
    interrupt.o(i.IntPendClear) refers to interrupt.o(.constdata) for .constdata
    interrupt.o(i.IntPendSet) refers to interrupt.o(.constdata) for .constdata
    interrupt.o(i.IntPriorityGet) refers to interrupt.o(.constdata) for .constdata
    interrupt.o(i.IntPriorityGroupingGet) refers to interrupt.o(.constdata) for .constdata
    interrupt.o(i.IntPriorityGroupingSet) refers to interrupt.o(.constdata) for .constdata
    interrupt.o(i.IntPriorityMaskGet) refers to cpu.o(.emb_text) for CPUbasepriGet
    interrupt.o(i.IntPriorityMaskSet) refers to cpu.o(.emb_text) for CPUbasepriSet
    interrupt.o(i.IntPrioritySet) refers to interrupt.o(.constdata) for .constdata
    interrupt.o(i.IntRegister) refers to interrupt.o(vtable) for vtable
    interrupt.o(i.IntUnregister) refers to interrupt.o(i._IntDefaultHandler) for _IntDefaultHandler
    interrupt.o(i.IntUnregister) refers to interrupt.o(vtable) for vtable
    sysctl.o(i.SysCtlClockFreqSet) refers to sysctl.o(.constdata) for .constdata
    sysctl.o(i.SysCtlClockGet) refers to sysctl.o(.constdata) for .constdata
    sysctl.o(i.SysCtlClockSet) refers to sysctl.o(.emb_text) for SysCtlDelay
    sysctl.o(i.SysCtlDeepSleep) refers to cpu.o(.emb_text) for CPUwfi
    sysctl.o(i.SysCtlIntRegister) refers to interrupt.o(i.IntRegister) for IntRegister
    sysctl.o(i.SysCtlIntRegister) refers to interrupt.o(i.IntEnable) for IntEnable
    sysctl.o(i.SysCtlIntUnregister) refers to interrupt.o(i.IntDisable) for IntDisable
    sysctl.o(i.SysCtlIntUnregister) refers to interrupt.o(i.IntUnregister) for IntUnregister
    sysctl.o(i.SysCtlSleep) refers to cpu.o(.emb_text) for CPUwfi
    sysctl.o(i.SysCtlVCOGet) refers to sysctl.o(.constdata) for .constdata
    systick.o(i.SysTickIntRegister) refers to interrupt.o(i.IntRegister) for IntRegister
    systick.o(i.SysTickIntUnregister) refers to interrupt.o(i.IntUnregister) for IntUnregister
    __main.o(!!!main) refers to __rtentry.o(.ARM.Collect$$rtentry$$00000000) for __rt_entry
    __rtentry.o(.ARM.Collect$$rtentry$$00000000) refers (Special) to __rtentry2.o(.ARM.Collect$$rtentry$$0000000A) for __rt_entry_li
    __rtentry.o(.ARM.Collect$$rtentry$$00000000) refers (Special) to __rtentry2.o(.ARM.Collect$$rtentry$$0000000D) for __rt_entry_main
    __rtentry.o(.ARM.Collect$$rtentry$$00000000) refers (Special) to __rtentry2.o(.ARM.Collect$$rtentry$$0000000C) for __rt_entry_postli_1
    __rtentry.o(.ARM.Collect$$rtentry$$00000000) refers (Special) to __rtentry2.o(.ARM.Collect$$rtentry$$00000009) for __rt_entry_postsh_1
    __rtentry.o(.ARM.Collect$$rtentry$$00000000) refers (Special) to __rtentry2.o(.ARM.Collect$$rtentry$$00000002) for __rt_entry_presh_1
    __rtentry.o(.ARM.Collect$$rtentry$$00000000) refers (Special) to __rtentry4.o(.ARM.Collect$$rtentry$$00000004) for __rt_entry_sh
    __rtentry2.o(.ARM.Collect$$rtentry$$00000008) refers to boardinit2.o(.text) for _platform_post_stackheap_init
    __rtentry2.o(.ARM.Collect$$rtentry$$0000000A) refers to libinit.o(.ARM.Collect$$libinit$$00000000) for __rt_lib_init
    __rtentry2.o(.ARM.Collect$$rtentry$$0000000B) refers to boardinit3.o(.text) for _platform_post_lib_init
    __rtentry2.o(.ARM.Collect$$rtentry$$0000000D) refers to demo.o(i.main) for main
    __rtentry2.o(.ARM.Collect$$rtentry$$0000000D) refers to exit.o(.text) for exit
    __rtentry2.o(.ARM.exidx) refers to __rtentry2.o(.ARM.Collect$$rtentry$$00000001) for .ARM.Collect$$rtentry$$00000001
    __rtentry2.o(.ARM.exidx) refers to __rtentry2.o(.ARM.Collect$$rtentry$$00000008) for .ARM.Collect$$rtentry$$00000008
    __rtentry2.o(.ARM.exidx) refers to __rtentry2.o(.ARM.Collect$$rtentry$$0000000A) for .ARM.Collect$$rtentry$$0000000A
    __rtentry2.o(.ARM.exidx) refers to __rtentry2.o(.ARM.Collect$$rtentry$$0000000B) for .ARM.Collect$$rtentry$$0000000B
    __rtentry2.o(.ARM.exidx) refers to __rtentry2.o(.ARM.Collect$$rtentry$$0000000D) for .ARM.Collect$$rtentry$$0000000D
    __rtentry4.o(.ARM.Collect$$rtentry$$00000004) refers to sys_stackheap_outer.o(.text) for __user_setup_stackheap
    __rtentry4.o(.ARM.exidx) refers to __rtentry4.o(.ARM.Collect$$rtentry$$00000004) for .ARM.Collect$$rtentry$$00000004
    sys_stackheap_outer.o(.text) refers to libspace.o(.text) for __user_perproc_libspace
    sys_stackheap_outer.o(.text) refers to startup_tm4c129.o(.text) for __user_initial_stackheap
    exit.o(.text) refers to rtexit.o(.ARM.Collect$$rtexit$$00000000) for __rt_exit
    libinit.o(.ARM.Collect$$libinit$$00000000) refers (Special) to libinit2.o(.ARM.Collect$$libinit$$0000002E) for __rt_lib_init_alloca_1
    libinit.o(.ARM.Collect$$libinit$$00000000) refers (Special) to libinit2.o(.ARM.Collect$$libinit$$0000002C) for __rt_lib_init_argv_1
    libinit.o(.ARM.Collect$$libinit$$00000000) refers (Special) to libinit2.o(.ARM.Collect$$libinit$$0000001B) for __rt_lib_init_atexit_1
    libinit.o(.ARM.Collect$$libinit$$00000000) refers (Special) to libinit2.o(.ARM.Collect$$libinit$$00000021) for __rt_lib_init_clock_1
    libinit.o(.ARM.Collect$$libinit$$00000000) refers (Special) to libinit2.o(.ARM.Collect$$libinit$$00000032) for __rt_lib_init_cpp_1
    libinit.o(.ARM.Collect$$libinit$$00000000) refers (Special) to libinit2.o(.ARM.Collect$$libinit$$00000030) for __rt_lib_init_exceptions_1
    libinit.o(.ARM.Collect$$libinit$$00000000) refers (Special) to libinit2.o(.ARM.Collect$$libinit$$00000001) for __rt_lib_init_fp_1
    libinit.o(.ARM.Collect$$libinit$$00000000) refers (Special) to libinit2.o(.ARM.Collect$$libinit$$0000001F) for __rt_lib_init_fp_trap_1
    libinit.o(.ARM.Collect$$libinit$$00000000) refers (Special) to libinit2.o(.ARM.Collect$$libinit$$00000023) for __rt_lib_init_getenv_1
    libinit.o(.ARM.Collect$$libinit$$00000000) refers (Special) to libinit2.o(.ARM.Collect$$libinit$$0000000A) for __rt_lib_init_heap_1
    libinit.o(.ARM.Collect$$libinit$$00000000) refers (Special) to libinit2.o(.ARM.Collect$$libinit$$00000011) for __rt_lib_init_lc_collate_1
    libinit.o(.ARM.Collect$$libinit$$00000000) refers (Special) to libinit2.o(.ARM.Collect$$libinit$$00000013) for __rt_lib_init_lc_ctype_1
    libinit.o(.ARM.Collect$$libinit$$00000000) refers (Special) to libinit2.o(.ARM.Collect$$libinit$$00000015) for __rt_lib_init_lc_monetary_1
    libinit.o(.ARM.Collect$$libinit$$00000000) refers (Special) to libinit2.o(.ARM.Collect$$libinit$$00000017) for __rt_lib_init_lc_numeric_1
    libinit.o(.ARM.Collect$$libinit$$00000000) refers (Special) to libinit2.o(.ARM.Collect$$libinit$$00000019) for __rt_lib_init_lc_time_1
    libinit.o(.ARM.Collect$$libinit$$00000000) refers (Special) to libinit2.o(.ARM.Collect$$libinit$$00000004) for __rt_lib_init_preinit_1
    libinit.o(.ARM.Collect$$libinit$$00000000) refers (Special) to libinit2.o(.ARM.Collect$$libinit$$0000000E) for __rt_lib_init_rand_1
    libinit.o(.ARM.Collect$$libinit$$00000000) refers (Special) to libinit2.o(.ARM.Collect$$libinit$$00000033) for __rt_lib_init_return
    libinit.o(.ARM.Collect$$libinit$$00000000) refers (Special) to libinit2.o(.ARM.Collect$$libinit$$0000001D) for __rt_lib_init_signal_1
    libinit.o(.ARM.Collect$$libinit$$00000000) refers (Special) to libinit2.o(.ARM.Collect$$libinit$$00000025) for __rt_lib_init_stdio_1
    libinit.o(.ARM.Collect$$libinit$$00000000) refers (Special) to libinit2.o(.ARM.Collect$$libinit$$0000000C) for __rt_lib_init_user_alloc_1
    libspace.o(.text) refers to libspace.o(.bss) for __libspace_start
    rtexit.o(.ARM.Collect$$rtexit$$00000000) refers (Special) to rtexit2.o(.ARM.Collect$$rtexit$$00000004) for __rt_exit_exit
    rtexit.o(.ARM.Collect$$rtexit$$00000000) refers (Special) to rtexit2.o(.ARM.Collect$$rtexit$$00000003) for __rt_exit_ls
    rtexit.o(.ARM.Collect$$rtexit$$00000000) refers (Special) to rtexit2.o(.ARM.Collect$$rtexit$$00000002) for __rt_exit_prels_1
    rtexit.o(.ARM.exidx) refers (Special) to rtexit2.o(.ARM.Collect$$rtexit$$00000004) for __rt_exit_exit
    rtexit.o(.ARM.exidx) refers (Special) to rtexit2.o(.ARM.Collect$$rtexit$$00000003) for __rt_exit_ls
    rtexit.o(.ARM.exidx) refers (Special) to rtexit2.o(.ARM.Collect$$rtexit$$00000002) for __rt_exit_prels_1
    rtexit.o(.ARM.exidx) refers to rtexit.o(.ARM.Collect$$rtexit$$00000000) for .ARM.Collect$$rtexit$$00000000
    libinit2.o(.ARM.Collect$$libinit$$00000001) refers to fpinit.o(x$fpl$fpinit) for _fp_init
    libinit2.o(.ARM.Collect$$libinit$$00000010) refers to libinit2.o(.ARM.Collect$$libinit$$0000000F) for .ARM.Collect$$libinit$$0000000F
    libinit2.o(.ARM.Collect$$libinit$$00000012) refers to libinit2.o(.ARM.Collect$$libinit$$0000000F) for .ARM.Collect$$libinit$$0000000F
    libinit2.o(.ARM.Collect$$libinit$$00000014) refers to libinit2.o(.ARM.Collect$$libinit$$0000000F) for .ARM.Collect$$libinit$$0000000F
    libinit2.o(.ARM.Collect$$libinit$$00000016) refers to libinit2.o(.ARM.Collect$$libinit$$0000000F) for .ARM.Collect$$libinit$$0000000F
    libinit2.o(.ARM.Collect$$libinit$$00000018) refers to libinit2.o(.ARM.Collect$$libinit$$0000000F) for .ARM.Collect$$libinit$$0000000F
    libinit2.o(.ARM.Collect$$libinit$$00000026) refers to argv_veneer.o(.emb_text) for __ARM_argv_veneer
    libinit2.o(.ARM.Collect$$libinit$$00000027) refers to argv_veneer.o(.emb_text) for __ARM_argv_veneer
    rtexit2.o(.ARM.Collect$$rtexit$$00000003) refers to libshutdown.o(.ARM.Collect$$libshutdown$$00000000) for __rt_lib_shutdown
    rtexit2.o(.ARM.Collect$$rtexit$$00000004) refers to sys_exit.o(.text) for _sys_exit
    rtexit2.o(.ARM.exidx) refers to rtexit2.o(.ARM.Collect$$rtexit$$00000001) for .ARM.Collect$$rtexit$$00000001
    rtexit2.o(.ARM.exidx) refers to rtexit2.o(.ARM.Collect$$rtexit$$00000003) for .ARM.Collect$$rtexit$$00000003
    rtexit2.o(.ARM.exidx) refers to rtexit2.o(.ARM.Collect$$rtexit$$00000004) for .ARM.Collect$$rtexit$$00000004
    argv_veneer.o(.emb_text) refers to no_argv.o(.text) for __ARM_get_argv
    sys_exit.o(.text) refers (Special) to use_no_semi.o(.text) for __I$use$semihosting
    sys_exit.o(.text) refers (Special) to indicate_semi.o(.text) for __semihosting_library_function
    _get_argv_nomalloc.o(.text) refers (Special) to hrguard.o(.text) for __heap_region$guard
    _get_argv_nomalloc.o(.text) refers to defsig_rtmem_outer.o(.text) for __rt_SIGRTMEM
    _get_argv_nomalloc.o(.text) refers to sys_command.o(.text) for _sys_command_string
    libshutdown.o(.ARM.Collect$$libshutdown$$00000000) refers (Special) to libshutdown2.o(.ARM.Collect$$libshutdown$$00000002) for __rt_lib_shutdown_cpp_1
    libshutdown.o(.ARM.Collect$$libshutdown$$00000000) refers (Special) to libshutdown2.o(.ARM.Collect$$libshutdown$$00000007) for __rt_lib_shutdown_fp_trap_1
    libshutdown.o(.ARM.Collect$$libshutdown$$00000000) refers (Special) to libshutdown2.o(.ARM.Collect$$libshutdown$$0000000F) for __rt_lib_shutdown_heap_1
    libshutdown.o(.ARM.Collect$$libshutdown$$00000000) refers (Special) to libshutdown2.o(.ARM.Collect$$libshutdown$$00000010) for __rt_lib_shutdown_return
    libshutdown.o(.ARM.Collect$$libshutdown$$00000000) refers (Special) to libshutdown2.o(.ARM.Collect$$libshutdown$$0000000A) for __rt_lib_shutdown_signal_1
    libshutdown.o(.ARM.Collect$$libshutdown$$00000000) refers (Special) to libshutdown2.o(.ARM.Collect$$libshutdown$$00000004) for __rt_lib_shutdown_stdio_1
    libshutdown.o(.ARM.Collect$$libshutdown$$00000000) refers (Special) to libshutdown2.o(.ARM.Collect$$libshutdown$$0000000C) for __rt_lib_shutdown_user_alloc_1
    sys_command.o(.text) refers (Special) to use_no_semi.o(.text) for __I$use$semihosting
    sys_command.o(.text) refers (Special) to indicate_semi.o(.text) for __semihosting_library_function
    defsig_rtmem_outer.o(.text) refers to defsig_rtmem_inner.o(.text) for __rt_SIGRTMEM_inner
    defsig_rtmem_outer.o(.text) refers to defsig_exit.o(.text) for __sig_exit
    defsig_rtmem_formal.o(.text) refers to rt_raise.o(.text) for __rt_raise
    rt_raise.o(.text) refers to __raise.o(.text) for __raise
    rt_raise.o(.text) refers to sys_exit.o(.text) for _sys_exit
    defsig_exit.o(.text) refers to sys_exit.o(.text) for _sys_exit
    defsig_rtmem_inner.o(.text) refers to defsig_general.o(.text) for __default_signal_display
    __raise.o(.text) refers to defsig.o(CL$$defsig) for __default_signal_handler
    defsig_general.o(.text) refers to sys_wrch.o(.text) for _ttywrch
    sys_wrch.o(.text) refers (Special) to use_no_semi.o(.text) for __I$use$semihosting
    sys_wrch.o(.text) refers (Special) to indicate_semi.o(.text) for __semihosting_library_function
    defsig.o(CL$$defsig) refers to defsig_rtmem_inner.o(.text) for __rt_SIGRTMEM_inner
    defsig_abrt_inner.o(.text) refers to defsig_general.o(.text) for __default_signal_display
    defsig_fpe_inner.o(.text) refers to defsig_general.o(.text) for __default_signal_display
    defsig_rtred_inner.o(.text) refers to defsig_general.o(.text) for __default_signal_display
    defsig_stak_inner.o(.text) refers to defsig_general.o(.text) for __default_signal_display
    defsig_pvfn_inner.o(.text) refers to defsig_general.o(.text) for __default_signal_display
    defsig_cppl_inner.o(.text) refers to defsig_general.o(.text) for __default_signal_display
    defsig_segv_inner.o(.text) refers to defsig_general.o(.text) for __default_signal_display
    defsig_other.o(.text) refers to defsig_general.o(.text) for __default_signal_display


==============================================================================

Removing Unused input sections from the image.

    Removing system_tm4c129.o(.rev16_text), (4 bytes).
    Removing system_tm4c129.o(.revsh_text), (4 bytes).
    Removing system_tm4c129.o(i.SystemCoreClockUpdate), (16 bytes).
    Removing adc.o(i.ADCBusy), (8 bytes).
    Removing adc.o(i.ADCClockConfigGet), (32 bytes).
    Removing adc.o(i.ADCClockConfigSet), (28 bytes).
    Removing adc.o(i.ADCComparatorConfigure), (10 bytes).
    Removing adc.o(i.ADCComparatorIntClear), (4 bytes).
    Removing adc.o(i.ADCComparatorIntDisable), (18 bytes).
    Removing adc.o(i.ADCComparatorIntEnable), (16 bytes).
    Removing adc.o(i.ADCComparatorIntStatus), (4 bytes).
    Removing adc.o(i.ADCComparatorRegionSet), (14 bytes).
    Removing adc.o(i.ADCComparatorReset), (40 bytes).
    Removing adc.o(i.ADCHardwareOversampleConfigure), (18 bytes).
    Removing adc.o(i.ADCIntClearEx), (4 bytes).
    Removing adc.o(i.ADCIntDisable), (16 bytes).
    Removing adc.o(i.ADCIntDisableEx), (10 bytes).
    Removing adc.o(i.ADCIntEnable), (16 bytes).
    Removing adc.o(i.ADCIntEnableEx), (8 bytes).
    Removing adc.o(i.ADCIntRegister), (104 bytes).
    Removing adc.o(i.ADCIntStatusEx), (22 bytes).
    Removing adc.o(i.ADCIntUnregister), (108 bytes).
    Removing adc.o(i.ADCPhaseDelayGet), (4 bytes).
    Removing adc.o(i.ADCPhaseDelaySet), (4 bytes).
    Removing adc.o(i.ADCReferenceGet), (8 bytes).
    Removing adc.o(i.ADCReferenceSet), (12 bytes).
    Removing adc.o(i.ADCSequenceDMADisable), (18 bytes).
    Removing adc.o(i.ADCSequenceDMAEnable), (16 bytes).
    Removing adc.o(i.ADCSequenceDisable), (16 bytes).
    Removing adc.o(i.ADCSequenceOverflow), (12 bytes).
    Removing adc.o(i.ADCSequenceOverflowClear), (10 bytes).
    Removing adc.o(i.ADCSequenceUnderflow), (12 bytes).
    Removing adc.o(i.ADCSequenceUnderflowClear), (10 bytes).
    Removing adc.o(i.ADCSoftwareOversampleConfigure), (44 bytes).
    Removing adc.o(i.ADCSoftwareOversampleDataGet), (88 bytes).
    Removing adc.o(i.ADCSoftwareOversampleStepConfigure), (168 bytes).
    Removing adc.o(.data), (6 bytes).
    Removing gpio.o(i.GPIOADCTriggerDisable), (14 bytes).
    Removing gpio.o(i.GPIOADCTriggerEnable), (12 bytes).
    Removing gpio.o(i.GPIODMATriggerDisable), (14 bytes).
    Removing gpio.o(i.GPIODMATriggerEnable), (12 bytes).
    Removing gpio.o(i.GPIODirModeGet), (34 bytes).
    Removing gpio.o(i.GPIOIntClear), (6 bytes).
    Removing gpio.o(i.GPIOIntDisable), (14 bytes).
    Removing gpio.o(i.GPIOIntEnable), (12 bytes).
    Removing gpio.o(i.GPIOIntRegister), (26 bytes).
    Removing gpio.o(i.GPIOIntRegisterPin), (30 bytes).
    Removing gpio.o(i.GPIOIntStatus), (14 bytes).
    Removing gpio.o(i.GPIOIntTypeGet), (68 bytes).
    Removing gpio.o(i.GPIOIntTypeSet), (80 bytes).
    Removing gpio.o(i.GPIOIntUnregister), (22 bytes).
    Removing gpio.o(i.GPIOIntUnregisterPin), (26 bytes).
    Removing gpio.o(i.GPIOPadConfigGet), (204 bytes).
    Removing gpio.o(i.GPIOPinConfigure), (68 bytes).
    Removing gpio.o(i.GPIOPinTypeCAN), (28 bytes).
    Removing gpio.o(i.GPIOPinTypeComparator), (28 bytes).
    Removing gpio.o(i.GPIOPinTypeComparatorOutput), (28 bytes).
    Removing gpio.o(i.GPIOPinTypeDIVSCLK), (28 bytes).
    Removing gpio.o(i.GPIOPinTypeEPI), (28 bytes).
    Removing gpio.o(i.GPIOPinTypeEthernetLED), (28 bytes).
    Removing gpio.o(i.GPIOPinTypeEthernetMII), (28 bytes).
    Removing gpio.o(i.GPIOPinTypeGPIOOutputOD), (28 bytes).
    Removing gpio.o(i.GPIOPinTypeHibernateRTCCLK), (28 bytes).
    Removing gpio.o(i.GPIOPinTypeI2C), (28 bytes).
    Removing gpio.o(i.GPIOPinTypeI2CSCL), (28 bytes).
    Removing gpio.o(i.GPIOPinTypeLCD), (28 bytes).
    Removing gpio.o(i.GPIOPinTypeOneWire), (28 bytes).
    Removing gpio.o(i.GPIOPinTypePWM), (28 bytes).
    Removing gpio.o(i.GPIOPinTypeQEI), (28 bytes).
    Removing gpio.o(i.GPIOPinTypeSSI), (28 bytes).
    Removing gpio.o(i.GPIOPinTypeTimer), (28 bytes).
    Removing gpio.o(i.GPIOPinTypeTrace), (28 bytes).
    Removing gpio.o(i.GPIOPinTypeUART), (28 bytes).
    Removing gpio.o(i.GPIOPinTypeUSBAnalog), (28 bytes).
    Removing gpio.o(i.GPIOPinTypeUSBDigital), (28 bytes).
    Removing gpio.o(i.GPIOPinTypeWakeHigh), (30 bytes).
    Removing gpio.o(i.GPIOPinTypeWakeLow), (30 bytes).
    Removing gpio.o(i.GPIOPinWakeStatus), (6 bytes).
    Removing gpio.o(i._GPIOIntNumberGet), (80 bytes).
    Removing gpio.o(.constdata), (552 bytes).
    Removing interrupt.o(i.IntDisable), (100 bytes).
    Removing interrupt.o(i.IntEnable), (100 bytes).
    Removing interrupt.o(i.IntIsEnabled), (96 bytes).
    Removing interrupt.o(i.IntMasterDisable), (14 bytes).
    Removing interrupt.o(i.IntPendClear), (68 bytes).
    Removing interrupt.o(i.IntPendSet), (84 bytes).
    Removing interrupt.o(i.IntPriorityGet), (28 bytes).
    Removing interrupt.o(i.IntPriorityGroupingGet), (36 bytes).
    Removing interrupt.o(i.IntPriorityGroupingSet), (28 bytes).
    Removing interrupt.o(i.IntPriorityMaskGet), (4 bytes).
    Removing interrupt.o(i.IntPriorityMaskSet), (4 bytes).
    Removing interrupt.o(i.IntPrioritySet), (40 bytes).
    Removing interrupt.o(i.IntRegister), (52 bytes).
    Removing interrupt.o(i.IntTrigger), (12 bytes).
    Removing interrupt.o(i.IntUnregister), (20 bytes).
    Removing interrupt.o(i._IntDefaultHandler), (2 bytes).
    Removing interrupt.o(.constdata), (268 bytes).
    Removing interrupt.o(vtable), (620 bytes).
    Removing sysctl.o(.emb_text), (6 bytes).
    Removing sysctl.o(i.SysCtlAltClkConfig), (12 bytes).
    Removing sysctl.o(i.SysCtlClockGet), (340 bytes).
    Removing sysctl.o(i.SysCtlClockOutConfig), (20 bytes).
    Removing sysctl.o(i.SysCtlClockSet), (288 bytes).
    Removing sysctl.o(i.SysCtlDeepSleep), (32 bytes).
    Removing sysctl.o(i.SysCtlDeepSleepClockConfigSet), (112 bytes).
    Removing sysctl.o(i.SysCtlDeepSleepClockSet), (12 bytes).
    Removing sysctl.o(i.SysCtlDeepSleepPowerSet), (12 bytes).
    Removing sysctl.o(i.SysCtlFlashSectorSizeGet), (56 bytes).
    Removing sysctl.o(i.SysCtlFlashSizeGet), (56 bytes).
    Removing sysctl.o(i.SysCtlGPIOAHBDisable), (28 bytes).
    Removing sysctl.o(i.SysCtlGPIOAHBEnable), (24 bytes).
    Removing sysctl.o(i.SysCtlIntClear), (12 bytes).
    Removing sysctl.o(i.SysCtlIntDisable), (16 bytes).
    Removing sysctl.o(i.SysCtlIntEnable), (16 bytes).
    Removing sysctl.o(i.SysCtlIntRegister), (20 bytes).
    Removing sysctl.o(i.SysCtlIntStatus), (16 bytes).
    Removing sysctl.o(i.SysCtlIntUnregister), (18 bytes).
    Removing sysctl.o(i.SysCtlLDODeepSleepGet), (12 bytes).
    Removing sysctl.o(i.SysCtlLDODeepSleepSet), (12 bytes).
    Removing sysctl.o(i.SysCtlLDOSleepGet), (12 bytes).
    Removing sysctl.o(i.SysCtlLDOSleepSet), (12 bytes).
    Removing sysctl.o(i.SysCtlMOSCConfigSet), (12 bytes).
    Removing sysctl.o(i.SysCtlNMIClear), (16 bytes).
    Removing sysctl.o(i.SysCtlNMIStatus), (12 bytes).
    Removing sysctl.o(i.SysCtlPIOSCCalibrate), (76 bytes).
    Removing sysctl.o(i.SysCtlPWMClockGet), (24 bytes).
    Removing sysctl.o(i.SysCtlPWMClockSet), (20 bytes).
    Removing sysctl.o(i.SysCtlPeripheralClockGating), (68 bytes).
    Removing sysctl.o(i.SysCtlPeripheralDeepSleepDisable), (40 bytes).
    Removing sysctl.o(i.SysCtlPeripheralDeepSleepEnable), (40 bytes).
    Removing sysctl.o(i.SysCtlPeripheralDisable), (40 bytes).
    Removing sysctl.o(i.SysCtlPeripheralPowerOff), (40 bytes).
    Removing sysctl.o(i.SysCtlPeripheralPowerOn), (40 bytes).
    Removing sysctl.o(i.SysCtlPeripheralPresent), (44 bytes).
    Removing sysctl.o(i.SysCtlPeripheralReset), (60 bytes).
    Removing sysctl.o(i.SysCtlPeripheralSleepDisable), (40 bytes).
    Removing sysctl.o(i.SysCtlPeripheralSleepEnable), (40 bytes).
    Removing sysctl.o(i.SysCtlReset), (16 bytes).
    Removing sysctl.o(i.SysCtlResetBehaviorGet), (12 bytes).
    Removing sysctl.o(i.SysCtlResetBehaviorSet), (12 bytes).
    Removing sysctl.o(i.SysCtlResetCauseClear), (16 bytes).
    Removing sysctl.o(i.SysCtlResetCauseGet), (12 bytes).
    Removing sysctl.o(i.SysCtlSRAMSizeGet), (16 bytes).
    Removing sysctl.o(i.SysCtlSleep), (4 bytes).
    Removing sysctl.o(i.SysCtlSleepPowerSet), (12 bytes).
    Removing sysctl.o(i.SysCtlUSBPLLDisable), (16 bytes).
    Removing sysctl.o(i.SysCtlUSBPLLEnable), (16 bytes).
    Removing sysctl.o(i.SysCtlVCOGet), (120 bytes).
    Removing sysctl.o(i.SysCtlVoltageEventClear), (16 bytes).
    Removing sysctl.o(i.SysCtlVoltageEventConfig), (12 bytes).
    Removing sysctl.o(i.SysCtlVoltageEventStatus), (12 bytes).
    Removing systick.o(i.SysTickDisable), (14 bytes).
    Removing systick.o(i.SysTickIntDisable), (14 bytes).
    Removing systick.o(i.SysTickIntRegister), (24 bytes).
    Removing systick.o(i.SysTickIntUnregister), (18 bytes).
    Removing systick.o(i.SysTickPeriodGet), (10 bytes).
    Removing systick.o(i.SysTickValueGet), (8 bytes).

157 unused section(s) (total 6586 bytes) removed from the image.

==============================================================================

Image Symbol Table

    Local Symbols

    Symbol Name                              Value     Ov Type        Size  Object(Section)

    RESET                                    0x00000000   Section      512  startup_tm4c129.o(RESET)
    ../clib/angel/boardlib.s                 0x00000000   Number         0  boardshut.o ABSOLUTE
    ../clib/angel/boardlib.s                 0x00000000   Number         0  boardinit1.o ABSOLUTE
    ../clib/angel/boardlib.s                 0x00000000   Number         0  boardinit2.o ABSOLUTE
    ../clib/angel/boardlib.s                 0x00000000   Number         0  boardinit3.o ABSOLUTE
    ../clib/angel/handlers.s                 0x00000000   Number         0  __scatter_zi.o ABSOLUTE
    ../clib/angel/handlers.s                 0x00000000   Number         0  __scatter_copy.o ABSOLUTE
    ../clib/angel/kernel.s                   0x00000000   Number         0  __rtentry4.o ABSOLUTE
    ../clib/angel/kernel.s                   0x00000000   Number         0  __rtentry.o ABSOLUTE
    ../clib/angel/kernel.s                   0x00000000   Number         0  rtexit2.o ABSOLUTE
    ../clib/angel/kernel.s                   0x00000000   Number         0  __rtentry2.o ABSOLUTE
    ../clib/angel/kernel.s                   0x00000000   Number         0  rtexit.o ABSOLUTE
    ../clib/angel/rt.s                       0x00000000   Number         0  rt_raise.o ABSOLUTE
    ../clib/angel/scatter.s                  0x00000000   Number         0  __scatter.o ABSOLUTE
    ../clib/angel/startup.s                  0x00000000   Number         0  __main.o ABSOLUTE
    ../clib/angel/sys.s                      0x00000000   Number         0  indicate_semi.o ABSOLUTE
    ../clib/angel/sys.s                      0x00000000   Number         0  use_no_semi.o ABSOLUTE
    ../clib/angel/sys.s                      0x00000000   Number         0  sys_stackheap_outer.o ABSOLUTE
    ../clib/angel/sys.s                      0x00000000   Number         0  libspace.o ABSOLUTE
    ../clib/angel/sysapp.c                   0x00000000   Number         0  sys_command.o ABSOLUTE
    ../clib/angel/sysapp.c                   0x00000000   Number         0  sys_exit.o ABSOLUTE
    ../clib/angel/sysapp.c                   0x00000000   Number         0  sys_wrch.o ABSOLUTE
    ../clib/armsys.c                         0x00000000   Number         0  no_argv.o ABSOLUTE
    ../clib/armsys.c                         0x00000000   Number         0  _get_argv_nomalloc.o ABSOLUTE
    ../clib/armsys.c                         0x00000000   Number         0  argv_veneer.o ABSOLUTE
    ../clib/armsys.c                         0x00000000   Number         0  argv_veneer.o ABSOLUTE
    ../clib/heapalloc.c                      0x00000000   Number         0  hrguard.o ABSOLUTE
    ../clib/heapaux.c                        0x00000000   Number         0  heapauxi.o ABSOLUTE
    ../clib/libinit.s                        0x00000000   Number         0  libshutdown.o ABSOLUTE
    ../clib/libinit.s                        0x00000000   Number         0  libinit.o ABSOLUTE
    ../clib/libinit.s                        0x00000000   Number         0  libinit2.o ABSOLUTE
    ../clib/libinit.s                        0x00000000   Number         0  libshutdown2.o ABSOLUTE
    ../clib/signal.c                         0x00000000   Number         0  defsig_segv_inner.o ABSOLUTE
    ../clib/signal.c                         0x00000000   Number         0  defsig_rtmem_outer.o ABSOLUTE
    ../clib/signal.c                         0x00000000   Number         0  defsig_pvfn_inner.o ABSOLUTE
    ../clib/signal.c                         0x00000000   Number         0  defsig_stak_inner.o ABSOLUTE
    ../clib/signal.c                         0x00000000   Number         0  defsig_rtred_inner.o ABSOLUTE
    ../clib/signal.c                         0x00000000   Number         0  defsig_fpe_inner.o ABSOLUTE
    ../clib/signal.c                         0x00000000   Number         0  defsig_abrt_inner.o ABSOLUTE
    ../clib/signal.c                         0x00000000   Number         0  defsig_general.o ABSOLUTE
    ../clib/signal.c                         0x00000000   Number         0  __raise.o ABSOLUTE
    ../clib/signal.c                         0x00000000   Number         0  defsig_rtmem_inner.o ABSOLUTE
    ../clib/signal.c                         0x00000000   Number         0  defsig_exit.o ABSOLUTE
    ../clib/signal.c                         0x00000000   Number         0  defsig_cppl_inner.o ABSOLUTE
    ../clib/signal.c                         0x00000000   Number         0  defsig_other.o ABSOLUTE
    ../clib/signal.c                         0x00000000   Number         0  defsig_rtmem_formal.o ABSOLUTE
    ../clib/signal.s                         0x00000000   Number         0  defsig.o ABSOLUTE
    ../clib/stdlib.c                         0x00000000   Number         0  exit.o ABSOLUTE
    ../fplib/fpinit.s                        0x00000000   Number         0  fpinit.o ABSOLUTE
    DAC6571.c                                0x00000000   Number         0  dac6571.o ABSOLUTE
    RTE\Device\TM4C129CNCPDT\startup_TM4C129.s 0x00000000   Number         0  startup_tm4c129.o ABSOLUTE
    RTE\Device\TM4C129CNCPDT\system_TM4C129.c 0x00000000   Number         0  system_tm4c129.o ABSOLUTE
    RTE\\Device\\TM4C129CNCPDT\\system_TM4C129.c 0x00000000   Number         0  system_tm4c129.o ABSOLUTE
    adc.c                                    0x00000000   Number         0  adc.o ABSOLUTE
    cpu.c                                    0x00000000   Number         0  cpu.o ABSOLUTE
    cpu.c                                    0x00000000   Number         0  cpu.o ABSOLUTE
    dc.s                                     0x00000000   Number         0  dc.o ABSOLUTE
    demo.c                                   0x00000000   Number         0  demo.o ABSOLUTE
    gpio.c                                   0x00000000   Number         0  gpio.o ABSOLUTE
    interrupt.c                              0x00000000   Number         0  interrupt.o ABSOLUTE
    sysctl.c                                 0x00000000   Number         0  sysctl.o ABSOLUTE
    sysctl.c                                 0x00000000   Number         0  sysctl.o ABSOLUTE
    systick.c                                0x00000000   Number         0  systick.o ABSOLUTE
    tm1638.c                                 0x00000000   Number         0  tm1638.o ABSOLUTE
    !!!main                                  0x00000200   Section        8  __main.o(!!!main)
    !!!scatter                               0x00000208   Section       52  __scatter.o(!!!scatter)
    !!handler_copy                           0x0000023c   Section       26  __scatter_copy.o(!!handler_copy)
    !!handler_zi                             0x00000258   Section       28  __scatter_zi.o(!!handler_zi)
    .ARM.Collect$$libinit$$00000000          0x00000274   Section        2  libinit.o(.ARM.Collect$$libinit$$00000000)
    .ARM.Collect$$libinit$$00000001          0x00000276   Section        4  libinit2.o(.ARM.Collect$$libinit$$00000001)
    .ARM.Collect$$libinit$$00000004          0x0000027a   Section        0  libinit2.o(.ARM.Collect$$libinit$$00000004)
    .ARM.Collect$$libinit$$0000000A          0x0000027a   Section        0  libinit2.o(.ARM.Collect$$libinit$$0000000A)
    .ARM.Collect$$libinit$$0000000C          0x0000027a   Section        0  libinit2.o(.ARM.Collect$$libinit$$0000000C)
    .ARM.Collect$$libinit$$0000000E          0x0000027a   Section        0  libinit2.o(.ARM.Collect$$libinit$$0000000E)
    .ARM.Collect$$libinit$$00000011          0x0000027a   Section        0  libinit2.o(.ARM.Collect$$libinit$$00000011)
    .ARM.Collect$$libinit$$00000013          0x0000027a   Section        0  libinit2.o(.ARM.Collect$$libinit$$00000013)
    .ARM.Collect$$libinit$$00000015          0x0000027a   Section        0  libinit2.o(.ARM.Collect$$libinit$$00000015)
    .ARM.Collect$$libinit$$00000017          0x0000027a   Section        0  libinit2.o(.ARM.Collect$$libinit$$00000017)
    .ARM.Collect$$libinit$$00000019          0x0000027a   Section        0  libinit2.o(.ARM.Collect$$libinit$$00000019)
    .ARM.Collect$$libinit$$0000001B          0x0000027a   Section        0  libinit2.o(.ARM.Collect$$libinit$$0000001B)
    .ARM.Collect$$libinit$$0000001D          0x0000027a   Section        0  libinit2.o(.ARM.Collect$$libinit$$0000001D)
    .ARM.Collect$$libinit$$0000001F          0x0000027a   Section        0  libinit2.o(.ARM.Collect$$libinit$$0000001F)
    .ARM.Collect$$libinit$$00000021          0x0000027a   Section        0  libinit2.o(.ARM.Collect$$libinit$$00000021)
    .ARM.Collect$$libinit$$00000023          0x0000027a   Section        0  libinit2.o(.ARM.Collect$$libinit$$00000023)
    .ARM.Collect$$libinit$$00000025          0x0000027a   Section        0  libinit2.o(.ARM.Collect$$libinit$$00000025)
    .ARM.Collect$$libinit$$0000002C          0x0000027a   Section        0  libinit2.o(.ARM.Collect$$libinit$$0000002C)
    .ARM.Collect$$libinit$$0000002E          0x0000027a   Section        0  libinit2.o(.ARM.Collect$$libinit$$0000002E)
    .ARM.Collect$$libinit$$00000030          0x0000027a   Section        0  libinit2.o(.ARM.Collect$$libinit$$00000030)
    .ARM.Collect$$libinit$$00000032          0x0000027a   Section        0  libinit2.o(.ARM.Collect$$libinit$$00000032)
    .ARM.Collect$$libinit$$00000033          0x0000027a   Section        2  libinit2.o(.ARM.Collect$$libinit$$00000033)
    .ARM.Collect$$libshutdown$$00000000      0x0000027c   Section        2  libshutdown.o(.ARM.Collect$$libshutdown$$00000000)
    .ARM.Collect$$libshutdown$$00000002      0x0000027e   Section        0  libshutdown2.o(.ARM.Collect$$libshutdown$$00000002)
    .ARM.Collect$$libshutdown$$00000004      0x0000027e   Section        0  libshutdown2.o(.ARM.Collect$$libshutdown$$00000004)
    .ARM.Collect$$libshutdown$$00000007      0x0000027e   Section        0  libshutdown2.o(.ARM.Collect$$libshutdown$$00000007)
    .ARM.Collect$$libshutdown$$0000000A      0x0000027e   Section        0  libshutdown2.o(.ARM.Collect$$libshutdown$$0000000A)
    .ARM.Collect$$libshutdown$$0000000C      0x0000027e   Section        0  libshutdown2.o(.ARM.Collect$$libshutdown$$0000000C)
    .ARM.Collect$$libshutdown$$0000000F      0x0000027e   Section        0  libshutdown2.o(.ARM.Collect$$libshutdown$$0000000F)
    .ARM.Collect$$libshutdown$$00000010      0x0000027e   Section        2  libshutdown2.o(.ARM.Collect$$libshutdown$$00000010)
    .ARM.Collect$$rtentry$$00000000          0x00000280   Section        0  __rtentry.o(.ARM.Collect$$rtentry$$00000000)
    .ARM.Collect$$rtentry$$00000002          0x00000280   Section        0  __rtentry2.o(.ARM.Collect$$rtentry$$00000002)
    .ARM.Collect$$rtentry$$00000004          0x00000280   Section        6  __rtentry4.o(.ARM.Collect$$rtentry$$00000004)
    .ARM.Collect$$rtentry$$00000009          0x00000286   Section        0  __rtentry2.o(.ARM.Collect$$rtentry$$00000009)
    .ARM.Collect$$rtentry$$0000000A          0x00000286   Section        4  __rtentry2.o(.ARM.Collect$$rtentry$$0000000A)
    .ARM.Collect$$rtentry$$0000000C          0x0000028a   Section        0  __rtentry2.o(.ARM.Collect$$rtentry$$0000000C)
    .ARM.Collect$$rtentry$$0000000D          0x0000028a   Section        8  __rtentry2.o(.ARM.Collect$$rtentry$$0000000D)
    .ARM.Collect$$rtexit$$00000000           0x00000292   Section        2  rtexit.o(.ARM.Collect$$rtexit$$00000000)
    .ARM.Collect$$rtexit$$00000002           0x00000294   Section        0  rtexit2.o(.ARM.Collect$$rtexit$$00000002)
    .ARM.Collect$$rtexit$$00000003           0x00000294   Section        4  rtexit2.o(.ARM.Collect$$rtexit$$00000003)
    .ARM.Collect$$rtexit$$00000004           0x00000298   Section        6  rtexit2.o(.ARM.Collect$$rtexit$$00000004)
    .emb_text                                0x000002a0   Section       38  cpu.o(.emb_text)
    $v0                                      0x000002a0   Number         0  cpu.o(.emb_text)
    .text                                    0x000002c8   Section      300  startup_tm4c129.o(.text)
    $v0                                      0x000002c8   Number         0  startup_tm4c129.o(.text)
    .text                                    0x000003f4   Section        0  heapauxi.o(.text)
    .text                                    0x000003fa   Section       74  sys_stackheap_outer.o(.text)
    .text                                    0x00000444   Section        0  exit.o(.text)
    .text                                    0x00000458   Section        8  libspace.o(.text)
    .text                                    0x00000460   Section        0  sys_exit.o(.text)
    .text                                    0x0000046c   Section        2  use_no_semi.o(.text)
    .text                                    0x0000046e   Section        0  indicate_semi.o(.text)
    i.ADC0Init                               0x00000470   Section        0  demo.o(i.ADC0Init)
    i.ADC0_Sample                            0x000004c0   Section        0  demo.o(i.ADC0_Sample)
    i.ADC1Init                               0x000004f4   Section        0  demo.o(i.ADC1Init)
    i.ADC1_Sample                            0x00000544   Section        0  demo.o(i.ADC1_Sample)
    i.ADCIntClear                            0x00000578   Section        0  adc.o(i.ADCIntClear)
    i.ADCIntStatus                           0x00000582   Section        0  adc.o(i.ADCIntStatus)
    i.ADCProcessorTrigger                    0x000005b6   Section        0  adc.o(i.ADCProcessorTrigger)
    i.ADCSequenceConfigure                   0x000005d0   Section        0  adc.o(i.ADCSequenceConfigure)
    i.ADCSequenceDataGet                     0x00000630   Section        0  adc.o(i.ADCSequenceDataGet)
    i.ADCSequenceEnable                      0x00000654   Section        0  adc.o(i.ADCSequenceEnable)
    i.ADCSequenceStepConfigure               0x00000662   Section        0  adc.o(i.ADCSequenceStepConfigure)
    i.DAC6571_Byte_Transmission              0x000006fc   Section        0  dac6571.o(i.DAC6571_Byte_Transmission)
    i.DAC6571_Fastmode_Operation             0x0000076c   Section        0  dac6571.o(i.DAC6571_Fastmode_Operation)
    i.DevicesInit                            0x000007e0   Section        0  demo.o(i.DevicesInit)
    i.GPIODirModeSet                         0x00000810   Section        0  gpio.o(i.GPIODirModeSet)
    i.GPIOInit                               0x00000838   Section        0  demo.o(i.GPIOInit)
    i.GPIOPadConfigSet                       0x000008a4   Section        0  gpio.o(i.GPIOPadConfigSet)
    i.GPIOPinRead                            0x000009dc   Section        0  gpio.o(i.GPIOPinRead)
    i.GPIOPinTypeADC                         0x000009e2   Section        0  gpio.o(i.GPIOPinTypeADC)
    i.GPIOPinTypeGPIOInput                   0x000009fe   Section        0  gpio.o(i.GPIOPinTypeGPIOInput)
    i.GPIOPinTypeGPIOOutput                  0x00000a1a   Section        0  gpio.o(i.GPIOPinTypeGPIOOutput)
    i.GPIOPinWrite                           0x00000a36   Section        0  gpio.o(i.GPIOPinWrite)
    i.IntMasterEnable                        0x00000a3c   Section        0  interrupt.o(i.IntMasterEnable)
    i.SysCtlClockFreqSet                     0x00000a4c   Section        0  sysctl.o(i.SysCtlClockFreqSet)
    i.SysCtlPeripheralEnable                 0x00000d30   Section        0  sysctl.o(i.SysCtlPeripheralEnable)
    i.SysCtlPeripheralReady                  0x00000d58   Section        0  sysctl.o(i.SysCtlPeripheralReady)
    i.SysTickEnable                          0x00000d84   Section        0  systick.o(i.SysTickEnable)
    i.SysTickInit                            0x00000d94   Section        0  demo.o(i.SysTickInit)
    i.SysTickIntEnable                       0x00000db4   Section        0  systick.o(i.SysTickIntEnable)
    i.SysTickPeriodSet                       0x00000dc2   Section        0  systick.o(i.SysTickPeriodSet)
    i.SysTick_Handler                        0x00000dcc   Section        0  demo.o(i.SysTick_Handler)
    i.SystemInit                             0x00000f68   Section        0  system_tm4c129.o(i.SystemInit)
    i.TM1638_DigiSegment                     0x00000f88   Section        0  tm1638.o(i.TM1638_DigiSegment)
    i.TM1638_Init                            0x0000108c   Section        0  tm1638.o(i.TM1638_Init)
    i.TM1638_Readkeyboard                    0x000010b0   Section        0  tm1638.o(i.TM1638_Readkeyboard)
    i.TM1638_RefreshDIGIandLED               0x00001150   Section        0  tm1638.o(i.TM1638_RefreshDIGIandLED)
    i.TM1638_Serial_Input                    0x000011ec   Section        0  tm1638.o(i.TM1638_Serial_Input)
    i.TM1638_Serial_Output                   0x00001240   Section        0  tm1638.o(i.TM1638_Serial_Output)
    i.main                                   0x00001294   Section        0  demo.o(i.main)
    x$fpl$fpinit                             0x00001610   Section       10  fpinit.o(x$fpl$fpinit)
    $v0                                      0x00001610   Number         0  fpinit.o(x$fpl$fpinit)
    .constdata                               0x0000161c   Section      596  sysctl.o(.constdata)
    g_pui32VCOFrequencies                    0x0000161c   Data           8  sysctl.o(.constdata)
    g_pui32Xtals                             0x00001624   Data         108  sysctl.o(.constdata)
    g_pppui32XTALtoVCO                       0x00001690   Data         432  sysctl.o(.constdata)
    g_sXTALtoMEMTIM                          0x00001840   Data          48  sysctl.o(.constdata)
    .data                                    0x20000000   Section      101  demo.o(.data)
    .data                                    0x20000068   Section        4  system_tm4c129.o(.data)
    .bss                                     0x2000006c   Section       96  libspace.o(.bss)
    HEAP                                     0x200000d0   Section        0  startup_tm4c129.o(HEAP)
    STACK                                    0x200000d0   Section      512  startup_tm4c129.o(STACK)
    Heap_Mem                                 0x200000d0   Data           0  startup_tm4c129.o(HEAP)
    Stack_Mem                                0x200000d0   Data         512  startup_tm4c129.o(STACK)
    __initial_sp                             0x200002d0   Data           0  startup_tm4c129.o(STACK)

    Global Symbols

    Symbol Name                              Value     Ov Type        Size  Object(Section)

    BuildAttributes$$THM_ISAv4$E$P$D$K$B$S$7EM$VFPi3$EXTD16$VFPS$VFMA$PE$A:L22UL41UL21$X:L11$S22US41US21$IEEE1$IW$USESV6$~STKCKD$USESV7$~SHL$OTIME$ROPI$EBA8$UX$STANDARDLIB$REQ8$PRES8$EABIv2 0x00000000   Number         0  anon$$obj.o ABSOLUTE
    __ARM_use_no_argv                        0x00000000   Number         0  demo.o ABSOLUTE
    __Vectors                                0x00000000   Data           4  startup_tm4c129.o(RESET)
    __ARM_exceptions_init                     - Undefined Weak Reference
    __alloca_initialize                       - Undefined Weak Reference
    __arm_preinit_                            - Undefined Weak Reference
    __cpp_initialize__aeabi_                  - Undefined Weak Reference
    __cxa_finalize                            - Undefined Weak Reference
    __rt_locale                               - Undefined Weak Reference
    __sigvec_lookup                           - Undefined Weak Reference
    _atexit_init                              - Undefined Weak Reference
    _call_atexit_fns                          - Undefined Weak Reference
    _clock_init                               - Undefined Weak Reference
    _fp_trap_init                             - Undefined Weak Reference
    _fp_trap_shutdown                         - Undefined Weak Reference
    _get_lc_collate                           - Undefined Weak Reference
    _get_lc_ctype                             - Undefined Weak Reference
    _get_lc_monetary                          - Undefined Weak Reference
    _get_lc_numeric                           - Undefined Weak Reference
    _get_lc_time                              - Undefined Weak Reference
    _getenv_init                              - Undefined Weak Reference
    _handle_redirection                       - Undefined Weak Reference
    _init_alloc                               - Undefined Weak Reference
    _init_user_alloc                          - Undefined Weak Reference
    _initio                                   - Undefined Weak Reference
    _rand_init                                - Undefined Weak Reference
    _signal_finish                            - Undefined Weak Reference
    _signal_init                              - Undefined Weak Reference
    _terminate_alloc                          - Undefined Weak Reference
    _terminate_user_alloc                     - Undefined Weak Reference
    _terminateio                              - Undefined Weak Reference
    __Vectors_End                            0x00000200   Data           0  startup_tm4c129.o(RESET)
    __Vectors_Size                           0x00000200   Number         0  startup_tm4c129.o ABSOLUTE
    __main                                   0x00000201   Thumb Code     8  __main.o(!!!main)
    __scatterload                            0x00000209   Thumb Code     0  __scatter.o(!!!scatter)
    __scatterload_rt2                        0x00000209   Thumb Code    44  __scatter.o(!!!scatter)
    __scatterload_rt2_thumb_only             0x00000209   Thumb Code     0  __scatter.o(!!!scatter)
    __scatterload_null                       0x00000217   Thumb Code     0  __scatter.o(!!!scatter)
    __scatterload_copy                       0x0000023d   Thumb Code    26  __scatter_copy.o(!!handler_copy)
    __scatterload_zeroinit                   0x00000259   Thumb Code    28  __scatter_zi.o(!!handler_zi)
    __rt_lib_init                            0x00000275   Thumb Code     0  libinit.o(.ARM.Collect$$libinit$$00000000)
    __rt_lib_init_fp_1                       0x00000277   Thumb Code     0  libinit2.o(.ARM.Collect$$libinit$$00000001)
    __rt_lib_init_alloca_1                   0x0000027b   Thumb Code     0  libinit2.o(.ARM.Collect$$libinit$$0000002E)
    __rt_lib_init_argv_1                     0x0000027b   Thumb Code     0  libinit2.o(.ARM.Collect$$libinit$$0000002C)
    __rt_lib_init_atexit_1                   0x0000027b   Thumb Code     0  libinit2.o(.ARM.Collect$$libinit$$0000001B)
    __rt_lib_init_clock_1                    0x0000027b   Thumb Code     0  libinit2.o(.ARM.Collect$$libinit$$00000021)
    __rt_lib_init_cpp_1                      0x0000027b   Thumb Code     0  libinit2.o(.ARM.Collect$$libinit$$00000032)
    __rt_lib_init_exceptions_1               0x0000027b   Thumb Code     0  libinit2.o(.ARM.Collect$$libinit$$00000030)
    __rt_lib_init_fp_trap_1                  0x0000027b   Thumb Code     0  libinit2.o(.ARM.Collect$$libinit$$0000001F)
    __rt_lib_init_getenv_1                   0x0000027b   Thumb Code     0  libinit2.o(.ARM.Collect$$libinit$$00000023)
    __rt_lib_init_heap_1                     0x0000027b   Thumb Code     0  libinit2.o(.ARM.Collect$$libinit$$0000000A)
    __rt_lib_init_lc_collate_1               0x0000027b   Thumb Code     0  libinit2.o(.ARM.Collect$$libinit$$00000011)
    __rt_lib_init_lc_ctype_1                 0x0000027b   Thumb Code     0  libinit2.o(.ARM.Collect$$libinit$$00000013)
    __rt_lib_init_lc_monetary_1              0x0000027b   Thumb Code     0  libinit2.o(.ARM.Collect$$libinit$$00000015)
    __rt_lib_init_lc_numeric_1               0x0000027b   Thumb Code     0  libinit2.o(.ARM.Collect$$libinit$$00000017)
    __rt_lib_init_lc_time_1                  0x0000027b   Thumb Code     0  libinit2.o(.ARM.Collect$$libinit$$00000019)
    __rt_lib_init_preinit_1                  0x0000027b   Thumb Code     0  libinit2.o(.ARM.Collect$$libinit$$00000004)
    __rt_lib_init_rand_1                     0x0000027b   Thumb Code     0  libinit2.o(.ARM.Collect$$libinit$$0000000E)
    __rt_lib_init_return                     0x0000027b   Thumb Code     0  libinit2.o(.ARM.Collect$$libinit$$00000033)
    __rt_lib_init_signal_1                   0x0000027b   Thumb Code     0  libinit2.o(.ARM.Collect$$libinit$$0000001D)
    __rt_lib_init_stdio_1                    0x0000027b   Thumb Code     0  libinit2.o(.ARM.Collect$$libinit$$00000025)
    __rt_lib_init_user_alloc_1               0x0000027b   Thumb Code     0  libinit2.o(.ARM.Collect$$libinit$$0000000C)
    __rt_lib_shutdown                        0x0000027d   Thumb Code     0  libshutdown.o(.ARM.Collect$$libshutdown$$00000000)
    __rt_lib_shutdown_cpp_1                  0x0000027f   Thumb Code     0  libshutdown2.o(.ARM.Collect$$libshutdown$$00000002)
    __rt_lib_shutdown_fp_trap_1              0x0000027f   Thumb Code     0  libshutdown2.o(.ARM.Collect$$libshutdown$$00000007)
    __rt_lib_shutdown_heap_1                 0x0000027f   Thumb Code     0  libshutdown2.o(.ARM.Collect$$libshutdown$$0000000F)
    __rt_lib_shutdown_return                 0x0000027f   Thumb Code     0  libshutdown2.o(.ARM.Collect$$libshutdown$$00000010)
    __rt_lib_shutdown_signal_1               0x0000027f   Thumb Code     0  libshutdown2.o(.ARM.Collect$$libshutdown$$0000000A)
    __rt_lib_shutdown_stdio_1                0x0000027f   Thumb Code     0  libshutdown2.o(.ARM.Collect$$libshutdown$$00000004)
    __rt_lib_shutdown_user_alloc_1           0x0000027f   Thumb Code     0  libshutdown2.o(.ARM.Collect$$libshutdown$$0000000C)
    __rt_entry                               0x00000281   Thumb Code     0  __rtentry.o(.ARM.Collect$$rtentry$$00000000)
    __rt_entry_presh_1                       0x00000281   Thumb Code     0  __rtentry2.o(.ARM.Collect$$rtentry$$00000002)
    __rt_entry_sh                            0x00000281   Thumb Code     0  __rtentry4.o(.ARM.Collect$$rtentry$$00000004)
    __rt_entry_li                            0x00000287   Thumb Code     0  __rtentry2.o(.ARM.Collect$$rtentry$$0000000A)
    __rt_entry_postsh_1                      0x00000287   Thumb Code     0  __rtentry2.o(.ARM.Collect$$rtentry$$00000009)
    __rt_entry_main                          0x0000028b   Thumb Code     0  __rtentry2.o(.ARM.Collect$$rtentry$$0000000D)
    __rt_entry_postli_1                      0x0000028b   Thumb Code     0  __rtentry2.o(.ARM.Collect$$rtentry$$0000000C)
    __rt_exit                                0x00000293   Thumb Code     0  rtexit.o(.ARM.Collect$$rtexit$$00000000)
    __rt_exit_ls                             0x00000295   Thumb Code     0  rtexit2.o(.ARM.Collect$$rtexit$$00000003)
    __rt_exit_prels_1                        0x00000295   Thumb Code     0  rtexit2.o(.ARM.Collect$$rtexit$$00000002)
    __rt_exit_exit                           0x00000299   Thumb Code     0  rtexit2.o(.ARM.Collect$$rtexit$$00000004)
    CPUcpsid                                 0x000002a1   Thumb Code     8  cpu.o(.emb_text)
    CPUprimask                               0x000002a9   Thumb Code     6  cpu.o(.emb_text)
    CPUcpsie                                 0x000002af   Thumb Code     8  cpu.o(.emb_text)
    CPUwfi                                   0x000002b7   Thumb Code     4  cpu.o(.emb_text)
    CPUbasepriSet                            0x000002bb   Thumb Code     6  cpu.o(.emb_text)
    CPUbasepriGet                            0x000002c1   Thumb Code     6  cpu.o(.emb_text)
    Reset_Handler                            0x000002c9   Thumb Code     8  startup_tm4c129.o(.text)
    NMI_Handler                              0x000002d1   Thumb Code     2  startup_tm4c129.o(.text)
    HardFault_Handler                        0x000002d3   Thumb Code     2  startup_tm4c129.o(.text)
    MemManage_Handler                        0x000002d5   Thumb Code     2  startup_tm4c129.o(.text)
    BusFault_Handler                         0x000002d7   Thumb Code     2  startup_tm4c129.o(.text)
    UsageFault_Handler                       0x000002d9   Thumb Code     2  startup_tm4c129.o(.text)
    SVC_Handler                              0x000002db   Thumb Code     2  startup_tm4c129.o(.text)
    DebugMon_Handler                         0x000002dd   Thumb Code     2  startup_tm4c129.o(.text)
    PendSV_Handler                           0x000002df   Thumb Code     2  startup_tm4c129.o(.text)
    GPIOA_Handler                            0x000002e3   Thumb Code     2  startup_tm4c129.o(.text)
    GPIOB_Handler                            0x000002e5   Thumb Code     2  startup_tm4c129.o(.text)
    GPIOC_Handler                            0x000002e7   Thumb Code     2  startup_tm4c129.o(.text)
    GPIOD_Handler                            0x000002e9   Thumb Code     2  startup_tm4c129.o(.text)
    GPIOE_Handler                            0x000002eb   Thumb Code     2  startup_tm4c129.o(.text)
    UART0_Handler                            0x000002ed   Thumb Code     2  startup_tm4c129.o(.text)
    UART1_Handler                            0x000002ef   Thumb Code     2  startup_tm4c129.o(.text)
    SSI0_Handler                             0x000002f1   Thumb Code     2  startup_tm4c129.o(.text)
    I2C0_Handler                             0x000002f3   Thumb Code     2  startup_tm4c129.o(.text)
    PMW0_FAULT_Handler                       0x000002f5   Thumb Code     2  startup_tm4c129.o(.text)
    PWM0_0_Handler                           0x000002f7   Thumb Code     2  startup_tm4c129.o(.text)
    PWM0_1_Handler                           0x000002f9   Thumb Code     2  startup_tm4c129.o(.text)
    PWM0_2_Handler                           0x000002fb   Thumb Code     2  startup_tm4c129.o(.text)
    QEI0_Handler                             0x000002fd   Thumb Code     2  startup_tm4c129.o(.text)
    ADC0SS0_Handler                          0x000002ff   Thumb Code     2  startup_tm4c129.o(.text)
    ADC0SS1_Handler                          0x00000301   Thumb Code     2  startup_tm4c129.o(.text)
    ADC0SS2_Handler                          0x00000303   Thumb Code     2  startup_tm4c129.o(.text)
    ADC0SS3_Handler                          0x00000305   Thumb Code     2  startup_tm4c129.o(.text)
    WDT0_Handler                             0x00000307   Thumb Code     2  startup_tm4c129.o(.text)
    TIMER0A_Handler                          0x00000309   Thumb Code     2  startup_tm4c129.o(.text)
    TIMER0B_Handler                          0x0000030b   Thumb Code     2  startup_tm4c129.o(.text)
    TIMER1A_Handler                          0x0000030d   Thumb Code     2  startup_tm4c129.o(.text)
    TIMER1B_Handler                          0x0000030f   Thumb Code     2  startup_tm4c129.o(.text)
    TIMER2A_Handler                          0x00000311   Thumb Code     2  startup_tm4c129.o(.text)
    TIMER2B_Handler                          0x00000313   Thumb Code     2  startup_tm4c129.o(.text)
    COMP0_Handler                            0x00000315   Thumb Code     2  startup_tm4c129.o(.text)
    COMP1_Handler                            0x00000317   Thumb Code     2  startup_tm4c129.o(.text)
    COMP2_Handler                            0x00000319   Thumb Code     2  startup_tm4c129.o(.text)
    SYSCTL_Handler                           0x0000031b   Thumb Code     2  startup_tm4c129.o(.text)
    FLASH_Handler                            0x0000031d   Thumb Code     2  startup_tm4c129.o(.text)
    GPIOF_Handler                            0x0000031f   Thumb Code     2  startup_tm4c129.o(.text)
    GPIOG_Handler                            0x00000321   Thumb Code     2  startup_tm4c129.o(.text)
    GPIOH_Handler                            0x00000323   Thumb Code     2  startup_tm4c129.o(.text)
    UART2_Handler                            0x00000325   Thumb Code     2  startup_tm4c129.o(.text)
    SSI1_Handler                             0x00000327   Thumb Code     2  startup_tm4c129.o(.text)
    TIMER3A_Handler                          0x00000329   Thumb Code     2  startup_tm4c129.o(.text)
    TIMER3B_Handler                          0x0000032b   Thumb Code     2  startup_tm4c129.o(.text)
    I2C1_Handler                             0x0000032d   Thumb Code     2  startup_tm4c129.o(.text)
    CAN0_Handler                             0x0000032f   Thumb Code     2  startup_tm4c129.o(.text)
    CAN1_Handler                             0x00000331   Thumb Code     2  startup_tm4c129.o(.text)
    ETH_Handler                              0x00000333   Thumb Code     2  startup_tm4c129.o(.text)
    HIB_Handler                              0x00000335   Thumb Code     2  startup_tm4c129.o(.text)
    USB0_Handler                             0x00000337   Thumb Code     2  startup_tm4c129.o(.text)
    PWM0_3_Handler                           0x00000339   Thumb Code     2  startup_tm4c129.o(.text)
    UDMA_Handler                             0x0000033b   Thumb Code     2  startup_tm4c129.o(.text)
    UDMAERR_Handler                          0x0000033d   Thumb Code     2  startup_tm4c129.o(.text)
    ADC1SS0_Handler                          0x0000033f   Thumb Code     2  startup_tm4c129.o(.text)
    ADC1SS1_Handler                          0x00000341   Thumb Code     2  startup_tm4c129.o(.text)
    ADC1SS2_Handler                          0x00000343   Thumb Code     2  startup_tm4c129.o(.text)
    ADC1SS3_Handler                          0x00000345   Thumb Code     2  startup_tm4c129.o(.text)
    EBI0_Handler                             0x00000347   Thumb Code     2  startup_tm4c129.o(.text)
    GPIOJ_Handler                            0x00000349   Thumb Code     2  startup_tm4c129.o(.text)
    GPIOK_Handler                            0x0000034b   Thumb Code     2  startup_tm4c129.o(.text)
    GPIOL_Handler                            0x0000034d   Thumb Code     2  startup_tm4c129.o(.text)
    SSI2_Handler                             0x0000034f   Thumb Code     2  startup_tm4c129.o(.text)
    SSI3_Handler                             0x00000351   Thumb Code     2  startup_tm4c129.o(.text)
    UART3_Handler                            0x00000353   Thumb Code     2  startup_tm4c129.o(.text)
    UART4_Handler                            0x00000355   Thumb Code     2  startup_tm4c129.o(.text)
    UART5_Handler                            0x00000357   Thumb Code     2  startup_tm4c129.o(.text)
    UART6_Handler                            0x00000359   Thumb Code     2  startup_tm4c129.o(.text)
    UART7_Handler                            0x0000035b   Thumb Code     2  startup_tm4c129.o(.text)
    I2C2_Handler                             0x0000035d   Thumb Code     2  startup_tm4c129.o(.text)
    I2C3_Handler                             0x0000035f   Thumb Code     2  startup_tm4c129.o(.text)
    TIMER4A_Handler                          0x00000361   Thumb Code     2  startup_tm4c129.o(.text)
    TIMER4B_Handler                          0x00000363   Thumb Code     2  startup_tm4c129.o(.text)
    TIMER5A_Handler                          0x00000365   Thumb Code     2  startup_tm4c129.o(.text)
    TIMER5B_Handler                          0x00000367   Thumb Code     2  startup_tm4c129.o(.text)
    WTIMER0A_Handler                         0x00000369   Thumb Code     2  startup_tm4c129.o(.text)
    WTIMER0B_Handler                         0x0000036b   Thumb Code     2  startup_tm4c129.o(.text)
    WTIMER1A_Handler                         0x0000036d   Thumb Code     2  startup_tm4c129.o(.text)
    WTIMER1B_Handler                         0x0000036f   Thumb Code     2  startup_tm4c129.o(.text)
    WTIMER2A_Handler                         0x00000371   Thumb Code     2  startup_tm4c129.o(.text)
    WTIMER2B_Handler                         0x00000373   Thumb Code     2  startup_tm4c129.o(.text)
    WTIMER3A_Handler                         0x00000375   Thumb Code     2  startup_tm4c129.o(.text)
    WTIMER3B_Handler                         0x00000377   Thumb Code     2  startup_tm4c129.o(.text)
    WTIMER4A_Handler                         0x00000379   Thumb Code     2  startup_tm4c129.o(.text)
    WTIMER4B_Handler                         0x0000037b   Thumb Code     2  startup_tm4c129.o(.text)
    WTIMER5A_Handler                         0x0000037d   Thumb Code     2  startup_tm4c129.o(.text)
    WTIMER5B_Handler                         0x0000037f   Thumb Code     2  startup_tm4c129.o(.text)
    FPU_Handler                              0x00000381   Thumb Code     2  startup_tm4c129.o(.text)
    I2C4_Handler                             0x00000383   Thumb Code     2  startup_tm4c129.o(.text)
    I2C5_Handler                             0x00000385   Thumb Code     2  startup_tm4c129.o(.text)
    GPIOM_Handler                            0x00000387   Thumb Code     2  startup_tm4c129.o(.text)
    GPION_Handler                            0x00000389   Thumb Code     2  startup_tm4c129.o(.text)
    TAMPER_Handler                           0x0000038b   Thumb Code     2  startup_tm4c129.o(.text)
    GPIOP0_Handler                           0x0000038d   Thumb Code     2  startup_tm4c129.o(.text)
    GPIOP1_Handler                           0x0000038f   Thumb Code     2  startup_tm4c129.o(.text)
    GPIOP2_Handler                           0x00000391   Thumb Code     2  startup_tm4c129.o(.text)
    GPIOP3_Handler                           0x00000393   Thumb Code     2  startup_tm4c129.o(.text)
    GPIOP4_Handler                           0x00000395   Thumb Code     2  startup_tm4c129.o(.text)
    GPIOP5_Handler                           0x00000397   Thumb Code     2  startup_tm4c129.o(.text)
    GPIOP6_Handler                           0x00000399   Thumb Code     2  startup_tm4c129.o(.text)
    GPIOP7_Handler                           0x0000039b   Thumb Code     2  startup_tm4c129.o(.text)
    GPIOQ0_Handler                           0x0000039d   Thumb Code     2  startup_tm4c129.o(.text)
    GPIOQ1_Handler                           0x0000039f   Thumb Code     2  startup_tm4c129.o(.text)
    GPIOQ2_Handler                           0x000003a1   Thumb Code     2  startup_tm4c129.o(.text)
    GPIOQ3_Handler                           0x000003a3   Thumb Code     2  startup_tm4c129.o(.text)
    GPIOQ4_Handler                           0x000003a5   Thumb Code     2  startup_tm4c129.o(.text)
    GPIOQ5_Handler                           0x000003a7   Thumb Code     2  startup_tm4c129.o(.text)
    GPIOQ6_Handler                           0x000003a9   Thumb Code     2  startup_tm4c129.o(.text)
    GPIOQ7_Handler                           0x000003ab   Thumb Code     2  startup_tm4c129.o(.text)
    GPIOR_Handler                            0x000003ad   Thumb Code     2  startup_tm4c129.o(.text)
    GPIOS_Handler                            0x000003af   Thumb Code     2  startup_tm4c129.o(.text)
    SHAMD5_Handler                           0x000003b1   Thumb Code     2  startup_tm4c129.o(.text)
    AES_Handler                              0x000003b3   Thumb Code     2  startup_tm4c129.o(.text)
    DES3DES_Handler                          0x000003b5   Thumb Code     2  startup_tm4c129.o(.text)
    LCDCONTROLLER_Handler                    0x000003b7   Thumb Code     2  startup_tm4c129.o(.text)
    TIMER6A_Handler                          0x000003b9   Thumb Code     2  startup_tm4c129.o(.text)
    TIMER6B_Handler                          0x000003bb   Thumb Code     2  startup_tm4c129.o(.text)
    TIMER7A_Handler                          0x000003bd   Thumb Code     2  startup_tm4c129.o(.text)
    TIMER7B_Handler                          0x000003bf   Thumb Code     2  startup_tm4c129.o(.text)
    I2C6_Handler                             0x000003c1   Thumb Code     2  startup_tm4c129.o(.text)
    I2C7_Handler                             0x000003c3   Thumb Code     2  startup_tm4c129.o(.text)
    HIMSCANKEYBOARD_Handler                  0x000003c5   Thumb Code     2  startup_tm4c129.o(.text)
    ONEWIRE_Handler                          0x000003c7   Thumb Code     2  startup_tm4c129.o(.text)
    HIMPS2_Handler                           0x000003c9   Thumb Code     2  startup_tm4c129.o(.text)
    HIMLEDSEQUENCER_Handler                  0x000003cb   Thumb Code     2  startup_tm4c129.o(.text)
    HIMCONSUMERIR_Handler                    0x000003cd   Thumb Code     2  startup_tm4c129.o(.text)
    I2C8_Handler                             0x000003cf   Thumb Code     2  startup_tm4c129.o(.text)
    I2C9_Handler                             0x000003d1   Thumb Code     2  startup_tm4c129.o(.text)
    GPIOT_Handler                            0x000003d3   Thumb Code     2  startup_tm4c129.o(.text)
    __user_initial_stackheap                 0x000003d5   Thumb Code     0  startup_tm4c129.o(.text)
    __use_two_region_memory                  0x000003f5   Thumb Code     2  heapauxi.o(.text)
    __rt_heap_escrow$2region                 0x000003f7   Thumb Code     2  heapauxi.o(.text)
    __rt_heap_expand$2region                 0x000003f9   Thumb Code     2  heapauxi.o(.text)
    __user_setup_stackheap                   0x000003fb   Thumb Code    74  sys_stackheap_outer.o(.text)
    exit                                     0x00000445   Thumb Code    18  exit.o(.text)
    __user_libspace                          0x00000459   Thumb Code     8  libspace.o(.text)
    __user_perproc_libspace                  0x00000459   Thumb Code     0  libspace.o(.text)
    __user_perthread_libspace                0x00000459   Thumb Code     0  libspace.o(.text)
    _sys_exit                                0x00000461   Thumb Code     8  sys_exit.o(.text)
    __I$use$semihosting                      0x0000046d   Thumb Code     0  use_no_semi.o(.text)
    __use_no_semihosting_swi                 0x0000046d   Thumb Code     2  use_no_semi.o(.text)
    __semihosting_library_function           0x0000046f   Thumb Code     0  indicate_semi.o(.text)
    ADC0Init                                 0x00000471   Thumb Code    64  demo.o(i.ADC0Init)
    ADC0_Sample                              0x000004c1   Thumb Code    48  demo.o(i.ADC0_Sample)
    ADC1Init                                 0x000004f5   Thumb Code    64  demo.o(i.ADC1Init)
    ADC1_Sample                              0x00000545   Thumb Code    48  demo.o(i.ADC1_Sample)
    ADCIntClear                              0x00000579   Thumb Code    10  adc.o(i.ADCIntClear)
    ADCIntStatus                             0x00000583   Thumb Code    52  adc.o(i.ADCIntStatus)
    ADCProcessorTrigger                      0x000005b7   Thumb Code    26  adc.o(i.ADCProcessorTrigger)
    ADCSequenceConfigure                     0x000005d1   Thumb Code    96  adc.o(i.ADCSequenceConfigure)
    ADCSequenceDataGet                       0x00000631   Thumb Code    36  adc.o(i.ADCSequenceDataGet)
    ADCSequenceEnable                        0x00000655   Thumb Code    14  adc.o(i.ADCSequenceEnable)
    ADCSequenceStepConfigure                 0x00000663   Thumb Code   154  adc.o(i.ADCSequenceStepConfigure)
    DAC6571_Byte_Transmission                0x000006fd   Thumb Code   106  dac6571.o(i.DAC6571_Byte_Transmission)
    DAC6571_Fastmode_Operation               0x0000076d   Thumb Code   110  dac6571.o(i.DAC6571_Fastmode_Operation)
    DevicesInit                              0x000007e1   Thumb Code    36  demo.o(i.DevicesInit)
    GPIODirModeSet                           0x00000811   Thumb Code    40  gpio.o(i.GPIODirModeSet)
    GPIOInit                                 0x00000839   Thumb Code    90  demo.o(i.GPIOInit)
    GPIOPadConfigSet                         0x000008a5   Thumb Code   312  gpio.o(i.GPIOPadConfigSet)
    GPIOPinRead                              0x000009dd   Thumb Code     6  gpio.o(i.GPIOPinRead)
    GPIOPinTypeADC                           0x000009e3   Thumb Code    28  gpio.o(i.GPIOPinTypeADC)
    GPIOPinTypeGPIOInput                     0x000009ff   Thumb Code    28  gpio.o(i.GPIOPinTypeGPIOInput)
    GPIOPinTypeGPIOOutput                    0x00000a1b   Thumb Code    28  gpio.o(i.GPIOPinTypeGPIOOutput)
    GPIOPinWrite                             0x00000a37   Thumb Code     6  gpio.o(i.GPIOPinWrite)
    IntMasterEnable                          0x00000a3d   Thumb Code    14  interrupt.o(i.IntMasterEnable)
    SysCtlClockFreqSet                       0x00000a4d   Thumb Code   700  sysctl.o(i.SysCtlClockFreqSet)
    SysCtlPeripheralEnable                   0x00000d31   Thumb Code    36  sysctl.o(i.SysCtlPeripheralEnable)
    SysCtlPeripheralReady                    0x00000d59   Thumb Code    40  sysctl.o(i.SysCtlPeripheralReady)
    SysTickEnable                            0x00000d85   Thumb Code    14  systick.o(i.SysTickEnable)
    SysTickInit                              0x00000d95   Thumb Code    28  demo.o(i.SysTickInit)
    SysTickIntEnable                         0x00000db5   Thumb Code    14  systick.o(i.SysTickIntEnable)
    SysTickPeriodSet                         0x00000dc3   Thumb Code    10  systick.o(i.SysTickPeriodSet)
    SysTick_Handler                          0x00000dcd   Thumb Code   360  demo.o(i.SysTick_Handler)
    SystemInit                               0x00000f69   Thumb Code    20  system_tm4c129.o(i.SystemInit)
    TM1638_DigiSegment                       0x00000f89   Thumb Code   260  tm1638.o(i.TM1638_DigiSegment)
    TM1638_Init                              0x0000108d   Thumb Code    30  tm1638.o(i.TM1638_Init)
    TM1638_Readkeyboard                      0x000010b1   Thumb Code   156  tm1638.o(i.TM1638_Readkeyboard)
    TM1638_RefreshDIGIandLED                 0x00001151   Thumb Code   150  tm1638.o(i.TM1638_RefreshDIGIandLED)
    TM1638_Serial_Input                      0x000011ed   Thumb Code    76  tm1638.o(i.TM1638_Serial_Input)
    TM1638_Serial_Output                     0x00001241   Thumb Code    74  tm1638.o(i.TM1638_Serial_Output)
    main                                     0x00001295   Thumb Code   796  demo.o(i.main)
    _fp_init                                 0x00001611   Thumb Code    10  fpinit.o(x$fpl$fpinit)
    __fplib_config_fpu_vfp                   0x00001619   Thumb Code     0  fpinit.o(x$fpl$fpinit)
    __fplib_config_pureend_doubles           0x00001619   Thumb Code     0  fpinit.o(x$fpl$fpinit)
    Region$$Table$$Base                      0x00001870   Number         0  anon$$obj.o(Region$$Table)
    Region$$Table$$Limit                     0x00001890   Number         0  anon$$obj.o(Region$$Table)
    clock40ms                                0x20000000   Data           1  demo.o(.data)
    clock100ms                               0x20000001   Data           1  demo.o(.data)
    clock40ms_flag                           0x20000002   Data           1  demo.o(.data)
    clock100ms_flag                          0x20000003   Data           1  demo.o(.data)
    clock_flag                               0x20000004   Data           1  demo.o(.data)
    digit                                    0x20000005   Data           8  demo.o(.data)
    pnt                                      0x2000000d   Data           1  demo.o(.data)
    DAC6571_code                             0x20000010   Data           4  demo.o(.data)
    DAC6571_voltage                          0x20000014   Data           4  demo.o(.data)
    DAC6571_flag                             0x20000018   Data           1  demo.o(.data)
    key_code                                 0x20000019   Data           1  demo.o(.data)
    key_cnt                                  0x2000001a   Data           1  demo.o(.data)
    led                                      0x2000001b   Data           8  demo.o(.data)
    ui32SysClock                             0x20000024   Data           4  demo.o(.data)
    ui32ADC0Value                            0x20000028   Data           4  demo.o(.data)
    ui32ADC1Value                            0x2000002c   Data           4  demo.o(.data)
    ui32ADC0Voltage                          0x20000030   Data           4  demo.o(.data)
    ui32ADC1Voltage                          0x20000034   Data           4  demo.o(.data)
    i                                        0x20000038   Data           1  demo.o(.data)
    j                                        0x20000039   Data           1  demo.o(.data)
    Voltage                                  0x2000003c   Data           4  demo.o(.data)
    Current                                  0x20000040   Data           4  demo.o(.data)
    Voltage_out                              0x20000044   Data           2  demo.o(.data)
    Current_out                              0x20000046   Data           2  demo.o(.data)
    Voltage_before                           0x20000048   Data           4  demo.o(.data)
    Voltage_now                              0x2000004c   Data           4  demo.o(.data)
    Current_before                           0x20000050   Data           4  demo.o(.data)
    Current_now                              0x20000054   Data           4  demo.o(.data)
    q                                        0x20000058   Data           4  demo.o(.data)
    n                                        0x2000005c   Data           2  demo.o(.data)
    displayVAorDA                            0x20000060   Data           4  demo.o(.data)
    display_flag                             0x20000064   Data           1  demo.o(.data)
    SystemCoreClock                          0x20000068   Data           4  system_tm4c129.o(.data)
    __libspace_start                         0x2000006c   Data          96  libspace.o(.bss)
    __temporary_stack_top$libspace           0x200000cc   Data           0  libspace.o(.bss)



==============================================================================

Memory Map of the image

  Image Entry point : 0x00000201

  Load Region LR_IROM1 (Base: 0x00000000, Size: 0x000018fc, Max: 0x00100000, ABSOLUTE)

    Execution Region ER_IROM1 (Exec base: 0x00000000, Load base: 0x00000000, Size: 0x00001890, Max: 0x00100000, ABSOLUTE)

    Exec Addr    Load Addr    Size         Type   Attr      Idx    E Section Name        Object

    0x00000000   0x00000000   0x00000200   Data   RO          222    RESET               startup_tm4c129.o
    0x00000200   0x00000200   0x00000008   Code   RO         1405  * !!!main             c_w.l(__main.o)
    0x00000208   0x00000208   0x00000034   Code   RO         1562    !!!scatter          c_w.l(__scatter.o)
    0x0000023c   0x0000023c   0x0000001a   Code   RO         1564    !!handler_copy      c_w.l(__scatter_copy.o)
    0x00000256   0x00000256   0x00000002   PAD
    0x00000258   0x00000258   0x0000001c   Code   RO         1566    !!handler_zi        c_w.l(__scatter_zi.o)
    0x00000274   0x00000274   0x00000002   Code   RO         1432    .ARM.Collect$$libinit$$00000000  c_w.l(libinit.o)
    0x00000276   0x00000276   0x00000004   Code   RO         1438    .ARM.Collect$$libinit$$00000001  c_w.l(libinit2.o)
    0x0000027a   0x0000027a   0x00000000   Code   RO         1441    .ARM.Collect$$libinit$$00000004  c_w.l(libinit2.o)
    0x0000027a   0x0000027a   0x00000000   Code   RO         1444    .ARM.Collect$$libinit$$0000000A  c_w.l(libinit2.o)
    0x0000027a   0x0000027a   0x00000000   Code   RO         1446    .ARM.Collect$$libinit$$0000000C  c_w.l(libinit2.o)
    0x0000027a   0x0000027a   0x00000000   Code   RO         1448    .ARM.Collect$$libinit$$0000000E  c_w.l(libinit2.o)
    0x0000027a   0x0000027a   0x00000000   Code   RO         1451    .ARM.Collect$$libinit$$00000011  c_w.l(libinit2.o)
    0x0000027a   0x0000027a   0x00000000   Code   RO         1453    .ARM.Collect$$libinit$$00000013  c_w.l(libinit2.o)
    0x0000027a   0x0000027a   0x00000000   Code   RO         1455    .ARM.Collect$$libinit$$00000015  c_w.l(libinit2.o)
    0x0000027a   0x0000027a   0x00000000   Code   RO         1457    .ARM.Collect$$libinit$$00000017  c_w.l(libinit2.o)
    0x0000027a   0x0000027a   0x00000000   Code   RO         1459    .ARM.Collect$$libinit$$00000019  c_w.l(libinit2.o)
    0x0000027a   0x0000027a   0x00000000   Code   RO         1461    .ARM.Collect$$libinit$$0000001B  c_w.l(libinit2.o)
    0x0000027a   0x0000027a   0x00000000   Code   RO         1463    .ARM.Collect$$libinit$$0000001D  c_w.l(libinit2.o)
    0x0000027a   0x0000027a   0x00000000   Code   RO         1465    .ARM.Collect$$libinit$$0000001F  c_w.l(libinit2.o)
    0x0000027a   0x0000027a   0x00000000   Code   RO         1467    .ARM.Collect$$libinit$$00000021  c_w.l(libinit2.o)
    0x0000027a   0x0000027a   0x00000000   Code   RO         1469    .ARM.Collect$$libinit$$00000023  c_w.l(libinit2.o)
    0x0000027a   0x0000027a   0x00000000   Code   RO         1471    .ARM.Collect$$libinit$$00000025  c_w.l(libinit2.o)
    0x0000027a   0x0000027a   0x00000000   Code   RO         1475    .ARM.Collect$$libinit$$0000002C  c_w.l(libinit2.o)
    0x0000027a   0x0000027a   0x00000000   Code   RO         1477    .ARM.Collect$$libinit$$0000002E  c_w.l(libinit2.o)
    0x0000027a   0x0000027a   0x00000000   Code   RO         1479    .ARM.Collect$$libinit$$00000030  c_w.l(libinit2.o)
    0x0000027a   0x0000027a   0x00000000   Code   RO         1481    .ARM.Collect$$libinit$$00000032  c_w.l(libinit2.o)
    0x0000027a   0x0000027a   0x00000002   Code   RO         1482    .ARM.Collect$$libinit$$00000033  c_w.l(libinit2.o)
    0x0000027c   0x0000027c   0x00000002   Code   RO         1502    .ARM.Collect$$libshutdown$$00000000  c_w.l(libshutdown.o)
    0x0000027e   0x0000027e   0x00000000   Code   RO         1515    .ARM.Collect$$libshutdown$$00000002  c_w.l(libshutdown2.o)
    0x0000027e   0x0000027e   0x00000000   Code   RO         1517    .ARM.Collect$$libshutdown$$00000004  c_w.l(libshutdown2.o)
    0x0000027e   0x0000027e   0x00000000   Code   RO         1520    .ARM.Collect$$libshutdown$$00000007  c_w.l(libshutdown2.o)
    0x0000027e   0x0000027e   0x00000000   Code   RO         1523    .ARM.Collect$$libshutdown$$0000000A  c_w.l(libshutdown2.o)
    0x0000027e   0x0000027e   0x00000000   Code   RO         1525    .ARM.Collect$$libshutdown$$0000000C  c_w.l(libshutdown2.o)
    0x0000027e   0x0000027e   0x00000000   Code   RO         1528    .ARM.Collect$$libshutdown$$0000000F  c_w.l(libshutdown2.o)
    0x0000027e   0x0000027e   0x00000002   Code   RO         1529    .ARM.Collect$$libshutdown$$00000010  c_w.l(libshutdown2.o)
    0x00000280   0x00000280   0x00000000   Code   RO         1407    .ARM.Collect$$rtentry$$00000000  c_w.l(__rtentry.o)
    0x00000280   0x00000280   0x00000000   Code   RO         1409    .ARM.Collect$$rtentry$$00000002  c_w.l(__rtentry2.o)
    0x00000280   0x00000280   0x00000006   Code   RO         1421    .ARM.Collect$$rtentry$$00000004  c_w.l(__rtentry4.o)
    0x00000286   0x00000286   0x00000000   Code   RO         1411    .ARM.Collect$$rtentry$$00000009  c_w.l(__rtentry2.o)
    0x00000286   0x00000286   0x00000004   Code   RO         1412    .ARM.Collect$$rtentry$$0000000A  c_w.l(__rtentry2.o)
    0x0000028a   0x0000028a   0x00000000   Code   RO         1414    .ARM.Collect$$rtentry$$0000000C  c_w.l(__rtentry2.o)
    0x0000028a   0x0000028a   0x00000008   Code   RO         1415    .ARM.Collect$$rtentry$$0000000D  c_w.l(__rtentry2.o)
    0x00000292   0x00000292   0x00000002   Code   RO         1436    .ARM.Collect$$rtexit$$00000000  c_w.l(rtexit.o)
    0x00000294   0x00000294   0x00000000   Code   RO         1484    .ARM.Collect$$rtexit$$00000002  c_w.l(rtexit2.o)
    0x00000294   0x00000294   0x00000004   Code   RO         1485    .ARM.Collect$$rtexit$$00000003  c_w.l(rtexit2.o)
    0x00000298   0x00000298   0x00000006   Code   RO         1486    .ARM.Collect$$rtexit$$00000004  c_w.l(rtexit2.o)
    0x0000029e   0x0000029e   0x00000002   PAD
    0x000002a0   0x000002a0   0x00000026   Code   RO         1391    .emb_text           driverlib.lib(cpu.o)
    0x000002c6   0x000002c6   0x00000002   PAD
    0x000002c8   0x000002c8   0x0000012c   Code   RO          223    .text               startup_tm4c129.o
    0x000003f4   0x000003f4   0x00000006   Code   RO         1403    .text               c_w.l(heapauxi.o)
    0x000003fa   0x000003fa   0x0000004a   Code   RO         1423    .text               c_w.l(sys_stackheap_outer.o)
    0x00000444   0x00000444   0x00000012   Code   RO         1425    .text               c_w.l(exit.o)
    0x00000456   0x00000456   0x00000002   PAD
    0x00000458   0x00000458   0x00000008   Code   RO         1433    .text               c_w.l(libspace.o)
    0x00000460   0x00000460   0x0000000c   Code   RO         1494    .text               c_w.l(sys_exit.o)
    0x0000046c   0x0000046c   0x00000002   Code   RO         1505    .text               c_w.l(use_no_semi.o)
    0x0000046e   0x0000046e   0x00000000   Code   RO         1507    .text               c_w.l(indicate_semi.o)
    0x0000046e   0x0000046e   0x00000002   PAD
    0x00000470   0x00000470   0x00000050   Code   RO            1    i.ADC0Init          demo.o
    0x000004c0   0x000004c0   0x00000034   Code   RO            2    i.ADC0_Sample       demo.o
    0x000004f4   0x000004f4   0x00000050   Code   RO            3    i.ADC1Init          demo.o
    0x00000544   0x00000544   0x00000034   Code   RO            4    i.ADC1_Sample       demo.o
    0x00000578   0x00000578   0x0000000a   Code   RO          290    i.ADCIntClear       driverlib.lib(adc.o)
    0x00000582   0x00000582   0x00000034   Code   RO          297    i.ADCIntStatus      driverlib.lib(adc.o)
    0x000005b6   0x000005b6   0x0000001a   Code   RO          302    i.ADCProcessorTrigger  driverlib.lib(adc.o)
    0x000005d0   0x000005d0   0x00000060   Code   RO          305    i.ADCSequenceConfigure  driverlib.lib(adc.o)
    0x00000630   0x00000630   0x00000024   Code   RO          308    i.ADCSequenceDataGet  driverlib.lib(adc.o)
    0x00000654   0x00000654   0x0000000e   Code   RO          310    i.ADCSequenceEnable  driverlib.lib(adc.o)
    0x00000662   0x00000662   0x0000009a   Code   RO          313    i.ADCSequenceStepConfigure  driverlib.lib(adc.o)
    0x000006fc   0x000006fc   0x00000070   Code   RO          174    i.DAC6571_Byte_Transmission  dac6571.o
    0x0000076c   0x0000076c   0x00000074   Code   RO          175    i.DAC6571_Fastmode_Operation  dac6571.o
    0x000007e0   0x000007e0   0x00000030   Code   RO            5    i.DevicesInit       demo.o
    0x00000810   0x00000810   0x00000028   Code   RO          562    i.GPIODirModeSet    driverlib.lib(gpio.o)
    0x00000838   0x00000838   0x0000006c   Code   RO            6    i.GPIOInit          demo.o
    0x000008a4   0x000008a4   0x00000138   Code   RO          574    i.GPIOPadConfigSet  driverlib.lib(gpio.o)
    0x000009dc   0x000009dc   0x00000006   Code   RO          576    i.GPIOPinRead       driverlib.lib(gpio.o)
    0x000009e2   0x000009e2   0x0000001c   Code   RO          577    i.GPIOPinTypeADC    driverlib.lib(gpio.o)
    0x000009fe   0x000009fe   0x0000001c   Code   RO          585    i.GPIOPinTypeGPIOInput  driverlib.lib(gpio.o)
    0x00000a1a   0x00000a1a   0x0000001c   Code   RO          586    i.GPIOPinTypeGPIOOutput  driverlib.lib(gpio.o)
    0x00000a36   0x00000a36   0x00000006   Code   RO          604    i.GPIOPinWrite      driverlib.lib(gpio.o)
    0x00000a3c   0x00000a3c   0x0000000e   Code   RO          868    i.IntMasterEnable   driverlib.lib(interrupt.o)
    0x00000a4a   0x00000a4a   0x00000002   PAD
    0x00000a4c   0x00000a4c   0x000002e4   Code   RO          982    i.SysCtlClockFreqSet  driverlib.lib(sysctl.o)
    0x00000d30   0x00000d30   0x00000028   Code   RO         1014    i.SysCtlPeripheralEnable  driverlib.lib(sysctl.o)
    0x00000d58   0x00000d58   0x0000002c   Code   RO         1018    i.SysCtlPeripheralReady  driverlib.lib(sysctl.o)
    0x00000d84   0x00000d84   0x0000000e   Code   RO         1329    i.SysTickEnable     driverlib.lib(systick.o)
    0x00000d92   0x00000d92   0x00000002   PAD
    0x00000d94   0x00000d94   0x00000020   Code   RO            7    i.SysTickInit       demo.o
    0x00000db4   0x00000db4   0x0000000e   Code   RO         1331    i.SysTickIntEnable  driverlib.lib(systick.o)
    0x00000dc2   0x00000dc2   0x0000000a   Code   RO         1335    i.SysTickPeriodSet  driverlib.lib(systick.o)
    0x00000dcc   0x00000dcc   0x0000019c   Code   RO            8    i.SysTick_Handler   demo.o
    0x00000f68   0x00000f68   0x00000020   Code   RO          231    i.SystemInit        system_tm4c129.o
    0x00000f88   0x00000f88   0x00000104   Code   RO          111    i.TM1638_DigiSegment  tm1638.o
    0x0000108c   0x0000108c   0x00000024   Code   RO          112    i.TM1638_Init       tm1638.o
    0x000010b0   0x000010b0   0x000000a0   Code   RO          113    i.TM1638_Readkeyboard  tm1638.o
    0x00001150   0x00001150   0x0000009c   Code   RO          114    i.TM1638_RefreshDIGIandLED  tm1638.o
    0x000011ec   0x000011ec   0x00000054   Code   RO          115    i.TM1638_Serial_Input  tm1638.o
    0x00001240   0x00001240   0x00000054   Code   RO          116    i.TM1638_Serial_Output  tm1638.o
    0x00001294   0x00001294   0x0000037c   Code   RO            9    i.main              demo.o
    0x00001610   0x00001610   0x0000000a   Code   RO         1492    x$fpl$fpinit        fz_wm.l(fpinit.o)
    0x0000161a   0x0000161a   0x00000002   PAD
    0x0000161c   0x0000161c   0x00000254   Data   RO         1036    .constdata          driverlib.lib(sysctl.o)
    0x00001870   0x00001870   0x00000020   Data   RO         1560    Region$$Table       anon$$obj.o


    Execution Region RW_IRAM1 (Exec base: 0x20000000, Load base: 0x00001890, Size: 0x000002d0, Max: 0x00040000, ABSOLUTE)

    Exec Addr    Load Addr    Size         Type   Attr      Idx    E Section Name        Object

    0x20000000   0x00001890   0x00000065   Data   RW           10    .data               demo.o
    0x20000065   0x000018f5   0x00000003   PAD
    0x20000068   0x000018f8   0x00000004   Data   RW          232    .data               system_tm4c129.o
    0x2000006c        -       0x00000060   Zero   RW         1434    .bss                c_w.l(libspace.o)
    0x200000cc   0x000018fc   0x00000004   PAD
    0x200000d0        -       0x00000000   Zero   RW          221    HEAP                startup_tm4c129.o
    0x200000d0        -       0x00000200   Zero   RW          220    STACK               startup_tm4c129.o


==============================================================================

Image component sizes


      Code (inc. data)   RO Data    RW Data    ZI Data      Debug   Object Name

       228         12          0          0          0       1269   dac6571.o
      1756        232          0        101          0      11242   demo.o
       300         22        512          0        512       6052   startup_tm4c129.o
        32         12          0          4          0        759   system_tm4c129.o
       780         78          0          0          0       4129   tm1638.o

    ----------------------------------------------------------------------
      3096        356        544        108        512      23451   Object Totals
         0          0         32          0          0          0   (incl. Generated)
         0          0          0          3          0          0   (incl. Padding)

    ----------------------------------------------------------------------

      Code (inc. data)   RO Data    RW Data    ZI Data      Debug   Library Member Name

         8          0          0          0          0         68   __main.o
         0          0          0          0          0          0   __rtentry.o
        12          0          0          0          0          0   __rtentry2.o
         6          0          0          0          0          0   __rtentry4.o
        52          8          0          0          0          0   __scatter.o
        26          0          0          0          0          0   __scatter_copy.o
        28          0          0          0          0          0   __scatter_zi.o
        18          0          0          0          0         80   exit.o
         6          0          0          0          0        152   heapauxi.o
         0          0          0          0          0          0   indicate_semi.o
         2          0          0          0          0          0   libinit.o
         6          0          0          0          0          0   libinit2.o
         2          0          0          0          0          0   libshutdown.o
         2          0          0          0          0          0   libshutdown2.o
         8          4          0          0         96         68   libspace.o
         2          0          0          0          0          0   rtexit.o
        10          0          0          0          0          0   rtexit2.o
        12          4          0          0          0         68   sys_exit.o
        74          0          0          0          0         80   sys_stackheap_outer.o
         2          0          0          0          0         68   use_no_semi.o
       388          0          0          0          0       8194   adc.o
        38          0          0          0          0        572   cpu.o
       448          0          0          0          0       4845   gpio.o
        14          0          0          0          0        518   interrupt.o
       824         48        596          0          0       4490   sysctl.o
        38          0          0          0          0       1410   systick.o
        10          0          0          0          0        116   fpinit.o

    ----------------------------------------------------------------------
      2052         64        596          0        100      20729   Library Totals
        16          0          0          0          4          0   (incl. Padding)

    ----------------------------------------------------------------------

      Code (inc. data)   RO Data    RW Data    ZI Data      Debug   Library Name

       276         16          0          0         96        584   c_w.l
      1750         48        596          0          0      20029   driverlib.lib
        10          0          0          0          0        116   fz_wm.l

    ----------------------------------------------------------------------
      2052         64        596          0        100      20729   Library Totals

    ----------------------------------------------------------------------

==============================================================================


      Code (inc. data)   RO Data    RW Data    ZI Data      Debug   

      5148        420       1140        108        612      40624   Grand Totals
      5148        420       1140        108        612      40624   ELF Image Totals
      5148        420       1140        108          0          0   ROM Totals

==============================================================================

    Total RO  Size (Code + RO Data)                 6288 (   6.14kB)
    Total RW  Size (RW Data + ZI Data)               720 (   0.70kB)
    Total ROM Size (Code + RO Data + RW Data)       6396 (   6.25kB)

==============================================================================

